Archive member included to satisfy reference by file (symbol)

/Applications/STM32CubeIDE.app/Contents/Eclipse/plugins/com.st.stm32cube.ide.mcu.externaltools.gnu-tools-for-stm32.13.3.rel1.macos64_1.0.0.202411102158/tools/bin/../lib/gcc/arm-none-eabi/13.3.1/../../../../arm-none-eabi/lib/thumb/v7-m/nofp/libc_nano.a(libc_a-exit.o)
                              /Applications/STM32CubeIDE.app/Contents/Eclipse/plugins/com.st.stm32cube.ide.mcu.externaltools.gnu-tools-for-stm32.13.3.rel1.macos64_1.0.0.202411102158/tools/bin/../lib/gcc/arm-none-eabi/13.3.1/../../../../arm-none-eabi/lib/thumb/v7-m/nofp/crt0.o (exit)
/Applications/STM32CubeIDE.app/Contents/Eclipse/plugins/com.st.stm32cube.ide.mcu.externaltools.gnu-tools-for-stm32.13.3.rel1.macos64_1.0.0.202411102158/tools/bin/../lib/gcc/arm-none-eabi/13.3.1/../../../../arm-none-eabi/lib/thumb/v7-m/nofp/libc_nano.a(libc_a-findfp.o)
                              /Applications/STM32CubeIDE.app/Contents/Eclipse/plugins/com.st.stm32cube.ide.mcu.externaltools.gnu-tools-for-stm32.13.3.rel1.macos64_1.0.0.202411102158/tools/bin/../lib/gcc/arm-none-eabi/13.3.1/../../../../arm-none-eabi/lib/thumb/v7-m/nofp/libc_nano.a(libc_a-exit.o) (__stdio_exit_handler)
/Applications/STM32CubeIDE.app/Contents/Eclipse/plugins/com.st.stm32cube.ide.mcu.externaltools.gnu-tools-for-stm32.13.3.rel1.macos64_1.0.0.202411102158/tools/bin/../lib/gcc/arm-none-eabi/13.3.1/../../../../arm-none-eabi/lib/thumb/v7-m/nofp/libc_nano.a(libc_a-fwalk.o)
                              /Applications/STM32CubeIDE.app/Contents/Eclipse/plugins/com.st.stm32cube.ide.mcu.externaltools.gnu-tools-for-stm32.13.3.rel1.macos64_1.0.0.202411102158/tools/bin/../lib/gcc/arm-none-eabi/13.3.1/../../../../arm-none-eabi/lib/thumb/v7-m/nofp/libc_nano.a(libc_a-findfp.o) (_fwalk_sglue)
/Applications/STM32CubeIDE.app/Contents/Eclipse/plugins/com.st.stm32cube.ide.mcu.externaltools.gnu-tools-for-stm32.13.3.rel1.macos64_1.0.0.202411102158/tools/bin/../lib/gcc/arm-none-eabi/13.3.1/../../../../arm-none-eabi/lib/thumb/v7-m/nofp/libc_nano.a(libc_a-printf.o)
                              ./Core/Src/main.o (printf)
/Applications/STM32CubeIDE.app/Contents/Eclipse/plugins/com.st.stm32cube.ide.mcu.externaltools.gnu-tools-for-stm32.13.3.rel1.macos64_1.0.0.202411102158/tools/bin/../lib/gcc/arm-none-eabi/13.3.1/../../../../arm-none-eabi/lib/thumb/v7-m/nofp/libc_nano.a(libc_a-puts.o)
                              ./Core/Src/main.o (puts)
/Applications/STM32CubeIDE.app/Contents/Eclipse/plugins/com.st.stm32cube.ide.mcu.externaltools.gnu-tools-for-stm32.13.3.rel1.macos64_1.0.0.202411102158/tools/bin/../lib/gcc/arm-none-eabi/13.3.1/../../../../arm-none-eabi/lib/thumb/v7-m/nofp/libc_nano.a(libc_a-memset.o)
                              /Applications/STM32CubeIDE.app/Contents/Eclipse/plugins/com.st.stm32cube.ide.mcu.externaltools.gnu-tools-for-stm32.13.3.rel1.macos64_1.0.0.202411102158/tools/bin/../lib/gcc/arm-none-eabi/13.3.1/../../../../arm-none-eabi/lib/thumb/v7-m/nofp/crt0.o (memset)
/Applications/STM32CubeIDE.app/Contents/Eclipse/plugins/com.st.stm32cube.ide.mcu.externaltools.gnu-tools-for-stm32.13.3.rel1.macos64_1.0.0.202411102158/tools/bin/../lib/gcc/arm-none-eabi/13.3.1/../../../../arm-none-eabi/lib/thumb/v7-m/nofp/libc_nano.a(libc_a-errno.o)
                              ./Core/Src/syscalls.o (__errno)
/Applications/STM32CubeIDE.app/Contents/Eclipse/plugins/com.st.stm32cube.ide.mcu.externaltools.gnu-tools-for-stm32.13.3.rel1.macos64_1.0.0.202411102158/tools/bin/../lib/gcc/arm-none-eabi/13.3.1/../../../../arm-none-eabi/lib/thumb/v7-m/nofp/libc_nano.a(libc_a-init.o)
                              /Applications/STM32CubeIDE.app/Contents/Eclipse/plugins/com.st.stm32cube.ide.mcu.externaltools.gnu-tools-for-stm32.13.3.rel1.macos64_1.0.0.202411102158/tools/bin/../lib/gcc/arm-none-eabi/13.3.1/../../../../arm-none-eabi/lib/thumb/v7-m/nofp/crt0.o (__libc_init_array)
/Applications/STM32CubeIDE.app/Contents/Eclipse/plugins/com.st.stm32cube.ide.mcu.externaltools.gnu-tools-for-stm32.13.3.rel1.macos64_1.0.0.202411102158/tools/bin/../lib/gcc/arm-none-eabi/13.3.1/../../../../arm-none-eabi/lib/thumb/v7-m/nofp/libc_nano.a(libc_a-lock.o)
                              /Applications/STM32CubeIDE.app/Contents/Eclipse/plugins/com.st.stm32cube.ide.mcu.externaltools.gnu-tools-for-stm32.13.3.rel1.macos64_1.0.0.202411102158/tools/bin/../lib/gcc/arm-none-eabi/13.3.1/../../../../arm-none-eabi/lib/thumb/v7-m/nofp/libc_nano.a(libc_a-findfp.o) (__retarget_lock_init_recursive)
/Applications/STM32CubeIDE.app/Contents/Eclipse/plugins/com.st.stm32cube.ide.mcu.externaltools.gnu-tools-for-stm32.13.3.rel1.macos64_1.0.0.202411102158/tools/bin/../lib/gcc/arm-none-eabi/13.3.1/../../../../arm-none-eabi/lib/thumb/v7-m/nofp/libc_nano.a(libc_a-impure.o)
[...]
Memory Configuration

Name             Origin             Length             Attributes
RAM              0x20000000         0x00002800         xrw
FLASH            0x08000000         0x00008000         xr
*default*        0x00000000         0xffffffff

Linker script and memory map

LOAD /Applications/STM32CubeIDE.app/Contents/Eclipse/plugins/com.st.stm32cube.ide.mcu.externaltools.gnu-tools-for-stm32.13.3.rel1.macos64_1.0.0.202411102158/tools/bin/../lib/gcc/arm-none-eabi/13.3.1/thumb/v7-m/nofp/crti.o
LOAD /Applications/STM32CubeIDE.app/Contents/Eclipse/plugins/com.st.stm32cube.ide.mcu.externaltools.gnu-tools-for-stm32.13.3.rel1.macos64_1.0.0.202411102158/tools/bin/../lib/gcc/arm-none-eabi/13.3.1/thumb/v7-m/nofp/crtbegin.o
LOAD /Applications/STM32CubeIDE.app/Contents/Eclipse/plugins/com.st.stm32cube.ide.mcu.externaltools.gnu-tools-for-stm32.13.3.rel1.macos64_1.0.0.202411102158/tools/bin/../lib/gcc/arm-none-eabi/13.3.1/../../../../arm-none-eabi/lib/thumb/v7-m/nofp/crt0.o
LOAD ./Core/Src/gpio.o
LOAD ./Core/Src/icm20948.o
LOAD ./Core/Src/madgwick.o
LOAD ./Core/Src/main.o
LOAD ./Core/Src/spi.o
LOAD ./Core/Src/stm32f1xx_hal_msp.o
LOAD ./Core/Src/stm32f1xx_it.o
LOAD ./Core/Src/syscalls.o
LOAD ./Core/Src/sysmem.o
LOAD ./Core/Src/system_stm32f1xx.o
LOAD ./Core/Src/usart.o
LOAD ./Core/Startup/startup_stm32f103c6tx.o
LOAD ./Drivers/STM32F1xx_HAL_Driver/Src/stm32f1xx_hal.o
LOAD ./Drivers/STM32F1xx_HAL_Driver/Src/stm32f1xx_hal_cortex.o
LOAD ./Drivers/STM32F1xx_HAL_Driver/Src/stm32f1xx_hal_dma.o
LOAD ./Drivers/STM32F1xx_HAL_Driver/Src/stm32f1xx_hal_exti.o
LOAD ./Drivers/STM32F1xx_HAL_Driver/Src/stm32f1xx_hal_flash.o
LOAD ./Drivers/STM32F1xx_HAL_Driver/Src/stm32f1xx_hal_flash_ex.o
LOAD ./Drivers/STM32F1xx_HAL_Driver/Src/stm32f1xx_hal_gpio.o
LOAD ./Drivers/STM32F1xx_HAL_Driver/Src/stm32f1xx_hal_gpio_ex.o
LOAD ./Drivers/STM32F1xx_HAL_Driver/Src/stm32f1xx_hal_pwr.o
LOAD ./Drivers/STM32F1xx_HAL_Driver/Src/stm32f1xx_hal_rcc.o
LOAD ./Drivers/STM32F1xx_HAL_Driver/Src/stm32f1xx_hal_rcc_ex.o
LOAD ./Drivers/STM32F1xx_HAL_Driver/Src/stm32f1xx_hal_spi.o
LOAD ./Drivers/STM32F1xx_HAL_Driver/Src/stm32f1xx_hal_uart.o
START GROUP
LOAD /Applications/STM32CubeIDE.app/Contents/Eclipse/plugins/com.st.stm32cube.ide.mcu.externaltools.gnu-tools-for-stm32.13.3.rel1.macos64_1.0.0.202411102158/tools/bin/../lib/gcc/arm-none-eabi/13.3.1/../../../../arm-none-eabi/lib/thumb/v7-m/nofp/libc_nano.a
LOAD /Applications/STM32CubeIDE.app/Contents/Eclipse/plugins/com.st.stm32cube.ide.mcu.externaltools.gnu-tools-for-stm32.13.3.rel1.macos64_1.0.0.202411102158/tools/bin/../lib/gcc/arm-none-eabi/13.3.1/../../../../arm-none-eabi/lib/thumb/v7-m/nofp/libm.a
END GROUP
START GROUP
LOAD /Applications/STM32CubeIDE.app/Contents/Eclipse/plugins/com.st.stm32cube.ide.mcu.externaltools.gnu-tools-for-stm32.13.3.rel1.macos64_1.0.0.202411102158/tools/bin/../lib/gcc/arm-none-eabi/13.3.1/thumb/v7-m/nofp/libgcc.a
LOAD /Applications/STM32CubeIDE.app/Contents/Eclipse/plugins/com.st.stm32cube.ide.mcu.externaltools.gnu-tools-for-stm32.13.3.rel1.macos64_1.0.0.202411102158/tools/bin/../lib/gcc/arm-none-eabi/13.3.1/../../../../arm-none-eabi/lib/thumb/v7-m/nofp/libc_nano.a
END GROUP
START GROUP
LOAD /Applications/STM32CubeIDE.app/Contents/Eclipse/plugins/com.st.stm32cube.ide.mcu.externaltools.gnu-tools-for-stm32.13.3.rel1.macos64_1.0.0.202411102158/tools/bin/../lib/gcc/arm-none-eabi/13.3.1/thumb/v7-m/nofp/libgcc.a
LOAD /Applications/STM32CubeIDE.app/Contents/Eclipse/plugins/com.st.stm32cube.ide.mcu.externaltools.gnu-tools-for-stm32.13.3.rel1.macos64_1.0.0.202411102158/tools/bin/../lib/gcc/arm-none-eabi/13.3.1/../../../../arm-none-eabi/lib/thumb/v7-m/nofp/libc_nano.a
LOAD /Applications/STM32CubeIDE.app/Contents/Eclipse/plugins/com.st.stm32cube.ide.mcu.externaltools.gnu-tools-for-stm32.13.3.rel1.macos64_1.0.0.202411102158/tools/bin/../lib/gcc/arm-none-eabi/13.3.1/../../../../arm-none-eabi/lib/thumb/v7-m/nofp/libnosys.a
END GROUP
START GROUP
LOAD /Applications/STM32CubeIDE.app/Contents/Eclipse/plugins/com.st.stm32cube.ide.mcu.externaltools.gnu-tools-for-stm32.13.3.rel1.macos64_1.0.0.202411102158/tools/bin/../lib/gcc/arm-none-eabi/13.3.1/thumb/v7-m/nofp/libgcc.a
LOAD /Applications/STM32CubeIDE.app/Contents/Eclipse/plugins/com.st.stm32cube.ide.mcu.externaltools.gnu-tools-for-stm32.13.3.rel1.macos64_1.0.0.202411102158/tools/bin/../lib/gcc/arm-none-eabi/13.3.1/../../../../arm-none-eabi/lib/thumb/v7-m/nofp/libc_nano.a
LOAD /Applications/STM32CubeIDE.app/Contents/Eclipse/plugins/com.st.stm32cube.ide.mcu.externaltools.gnu-tools-for-stm32.13.3.rel1.macos64_1.0.0.202411102158/tools/bin/../lib/gcc/arm-none-eabi/13.3.1/../../../../arm-none-eabi/lib/thumb/v7-m/nofp/libnosys.a
END GROUP
LOAD /Applications/STM32CubeIDE.app/Contents/Eclipse/plugins/com.st.stm32cube.ide.mcu.externaltools.gnu-tools-for-stm32.13.3.rel1.macos64_1.0.0.202411102158/tools/bin/../lib/gcc/arm-none-eabi/13.3.1/thumb/v7-m/nofp/crtend.o
LOAD /Applications/STM32CubeIDE.app/Contents/Eclipse/plugins/com.st.stm32cube.ide.mcu.externaltools.gnu-tools-for-stm32.13.3.rel1.macos64_1.0.0.202411102158/tools/bin/../lib/gcc/arm-none-eabi/13.3.1/thumb/v7-m/nofp/crtn.o
                0x20002800                        _estack = (ORIGIN (RAM) + LENGTH (RAM))
                0x00000200                        _Min_Heap_Size = 0x200
                0x00000400                        _Min_Stack_Size = 0x400

.isr_vector     0x08000000      0x10c
                0x08000000                        . = ALIGN (0x4)
 *(.isr_vector)
 .isr_vector    0x08000000      0x10c ./Core/Startup/startup_stm32f103c6tx.o
                0x08000000                g_pfnVectors
                0x0800010c                        . = ALIGN (0x4)

.text           0x0800010c     0x514c
                0x0800010c                        . = ALIGN (0x4)
 *(.text)
 .text          0x0800010c       0x40 /Applications/STM32CubeIDE.app/Contents/Eclipse/plugins/com.st.stm32cube.ide.mcu.externaltools.gnu-tools-for-stm32.13.3.rel1.macos64_1.0.0.202411102158/tools/bin/../lib/gcc/arm-none-eabi/13.3.1/thumb/v7-m/nofp/crtbegin.o
 .text          0x0800014c      0x21c /Applications/STM32CubeIDE.app/Contents/Eclipse/plugins/com.st.stm32cube.ide.mcu.externaltools.gnu-tools-for-stm32.13.3.rel1.macos64_1.0.0.202411102158/tools/bin/../lib/gcc/arm-none-eabi/13.3.1/thumb/v7-m/nofp/libgcc.a(_arm_addsubsf3.o)
                0x0800014c                __aeabi_frsub
                0x08000154                __aeabi_fsub
                0x08000154                __subsf3
                0x08000158                __aeabi_fadd
                0x08000158                __addsf3
                0x080002b8                __aeabi_ui2f
                0x080002b8                __floatunsisf
                0x080002c0                __floatsisf
                0x080002c0                __aeabi_i2f
                0x080002dc                __aeabi_ul2f
                0x080002dc                __floatundisf
                0x080002ec                __aeabi_l2f
                0x080002ec                __floatdisf
 .text          0x08000368      0x2a0 /Applications/STM32CubeIDE.app/Contents/Eclipse/plugins/com.st.stm32cube.ide.mcu.externaltools.gnu-tools-for-stm32.13.3.rel1.macos64_1.0.0.202411102158/tools/bin/../lib/gcc/arm-none-eabi/13.3.1/thumb/v7-m/nofp/libgcc.a(_arm_muldivsf3.o)
                0x08000368                __mulsf3
                0x08000368                __aeabi_fmul
                0x080004d0                __divsf3
                0x080004d0                __aeabi_fdiv
 .text          0x08000608       0xec /Applications/STM32CubeIDE.app/Contents/Eclipse/plugins/com.st.stm32cube.ide.mcu.externaltools.gnu-tools-for-stm32.13.3.rel1.macos64_1.0.0.202411102158/tools/bin/../lib/gcc/arm-none-eabi/13.3.1/thumb/v7-m/nofp/libgcc.a(_arm_cmpsf2.o)
                0x08000608                __gesf2
                0x08000608                __gtsf2
                0x08000610                __ltsf2
                0x08000610                __lesf2
                0x08000618                __nesf2
                0x08000618                __eqsf2
                0x08000618                __cmpsf2
                0x08000678                __aeabi_cfrcmple
                0x08000680                __aeabi_cfcmpeq
                0x08000680                __aeabi_cfcmple
                0x08000690                __aeabi_fcmpeq
                0x080006a4                __aeabi_fcmplt
                0x080006b8                __aeabi_fcmple
                0x080006cc                __aeabi_fcmpge
                0x080006e0                __aeabi_fcmpgt
 .text          0x080006f4       0x2c /Applications/STM32CubeIDE.app/Contents/Eclipse/plugins/com.st.stm32cube.ide.mcu.externaltools.gnu-tools-for-stm32.13.3.rel1.macos64_1.0.0.202411102158/tools/bin/../lib/gcc/arm-none-eabi/13.3.1/thumb/v7-m/nofp/libgcc.a(_arm_unordsf2.o)
                0x080006f4                __aeabi_fcmpun
                0x080006f4                __unordsf2
 *(.text*)
 .text.MX_GPIO_Init
                0x08000720       0xa8 ./Core/Src/gpio.o
                0x08000720                MX_GPIO_Init
 .text.icm20948_init
                0x080007c8      0x268 ./Core/Src/icm20948.o
                0x080007c8                icm20948_init
 .text.who_am_i
                0x08000a30       0x2a ./Core/Src/icm20948.o
                0x08000a30                who_am_i
 *fill*         0x08000a5a        0x2 
 .text.cs_low   0x08000a5c       0x18 ./Core/Src/icm20948.o
 .text.cs_high  0x08000a74       0x18 ./Core/Src/icm20948.o
 .text.select_bank
                0x08000a8c       0x5c ./Core/Src/icm20948.o
 .text.write_once_reg
                0x08000ae8       0xc0 ./Core/Src/icm20948.o
 .text.read_once_reg
                0x08000ba8       0x7c ./Core/Src/icm20948.o
 .text.read_multi_reg
                0x08000c24       0xc4 ./Core/Src/icm20948.o
 .text.icm20948_accel_read
                0x08000ce8       0x88 ./Core/Src/icm20948.o
                0x08000ce8                icm20948_accel_read
 .text.icm20948_gyro_read
                0x08000d70       0x88 ./Core/Src/icm20948.o
                0x08000d70                icm20948_gyro_read
 .text.get_time_us
                0x08000df8       0x16 ./Core/Src/madgwick.o
                0x08000df8                get_time_us
 .text.calc_3D_norm
                0x08000e0e       0x6e ./Core/Src/madgwick.o
 .text.calc_4D_norm
                0x08000e7c       0x8c ./Core/Src/madgwick.o
 .text.normalize_quat
                0x08000f08       0xb4 ./Core/Src/madgwick.o
 .text.calc_beta_ratio
                0x08000fbc       0xbc ./Core/Src/madgwick.o
 .text.calc_expected_accel_vector
                0x08001078      0x174 ./Core/Src/madgwick.o
 .text.calc_accel_vector_error
                0x080011ec      0x124 ./Core/Src/madgwick.o
 .text.angle_speed_correction
                0x08001310       0x80 ./Core/Src/madgwick.o
 .text.calc_d_quat
                0x08001390      0x1a2 ./Core/Src/madgwick.o
 .text.calc_current_quat
                0x08001532       0x72 ./Core/Src/madgwick.o
 .text.madgwick_init
                0x080015a4       0x5c ./Core/Src/madgwick.o
                0x080015a4                madgwick_init
 .text.madgwick_run
                0x08001600      0x27c ./Core/Src/madgwick.o
                0x08001600                madgwick_run
 .text.__io_putchar
                0x0800187c       0x24 ./Core/Src/main.o
                0x0800187c                __io_putchar
 .text.__io_getchar
                0x080018a0       0x24 ./Core/Src/main.o
                0x080018a0                __io_getchar
 .text.init_fail_detector
                0x080018c4       0xcc ./Core/Src/main.o
                0x080018c4                init_fail_detector
 .text.main     0x08001990       0xfc ./Core/Src/main.o
                0x08001990                main
 .text.SystemClock_Config
                0x08001a8c       0x82 ./Core/Src/main.o
                0x08001a8c                SystemClock_Config
 .text.Error_Handler
                0x08001b0e        0xc ./Core/Src/main.o
                0x08001b0e                Error_Handler
 *fill*         0x08001b1a        0x2 
 .text.MX_SPI1_Init
                0x08001b1c       0x6c ./Core/Src/spi.o
                0x08001b1c                MX_SPI1_Init
 .text.HAL_SPI_MspInit
                0x08001b88       0x94 ./Core/Src/spi.o
                0x08001b88                HAL_SPI_MspInit
 .text.HAL_MspInit
                0x08001c1c       0x64 ./Core/Src/stm32f1xx_hal_msp.o
                0x08001c1c                HAL_MspInit
 .text.NMI_Handler
                0x08001c80        0x8 ./Core/Src/stm32f1xx_it.o
                0x08001c80                NMI_Handler
 .text.HardFault_Handler
                0x08001c88        0x8 ./Core/Src/stm32f1xx_it.o
                0x08001c88                HardFault_Handler
 .text.MemManage_Handler
                0x08001c90        0x8 ./Core/Src/stm32f1xx_it.o
                0x08001c90                MemManage_Handler
 .text.BusFault_Handler
                0x08001c98        0x8 ./Core/Src/stm32f1xx_it.o
                0x08001c98                BusFault_Handler
 .text.UsageFault_Handler
                0x08001ca0        0x8 ./Core/Src/stm32f1xx_it.o
                0x08001ca0                UsageFault_Handler
 .text.SVC_Handler
                0x08001ca8        0xc ./Core/Src/stm32f1xx_it.o
                0x08001ca8                SVC_Handler
 .text.DebugMon_Handler
                0x08001cb4        0xc ./Core/Src/stm32f1xx_it.o
                0x08001cb4                DebugMon_Handler
 .text.PendSV_Handler
                0x08001cc0        0xc ./Core/Src/stm32f1xx_it.o
                0x08001cc0                PendSV_Handler
 .text.SysTick_Handler
                0x08001ccc        0xc ./Core/Src/stm32f1xx_it.o
                0x08001ccc                SysTick_Handler
 .text.USART1_IRQHandler
                0x08001cd8       0x14 ./Core/Src/stm32f1xx_it.o
                0x08001cd8                USART1_IRQHandler
 .text._read    0x08001cec       0x3a ./Core/Src/syscalls.o
                0x08001cec                _read
 .text._write   0x08001d26       0x38 ./Core/Src/syscalls.o
                0x08001d26                _write
 .text._close   0x08001d5e       0x16 ./Core/Src/syscalls.o
                0x08001d5e                _close
 .text._fstat   0x08001d74       0x1e ./Core/Src/syscalls.o
                0x08001d74                _fstat
 .text._isatty  0x08001d92       0x14 ./Core/Src/syscalls.o
                0x08001d92                _isatty
 .text._lseek   0x08001da6       0x18 ./Core/Src/syscalls.o
                0x08001da6                _lseek
 *fill*         0x08001dbe        0x2 
 .text._sbrk    0x08001dc0       0x6c ./Core/Src/sysmem.o
                0x08001dc0                _sbrk
 .text.SystemInit
                0x08001e2c        0xc ./Core/Src/system_stm32f1xx.o
                0x08001e2c                SystemInit
 .text.MX_USART1_UART_Init
                0x08001e38       0x54 ./Core/Src/usart.o
                0x08001e38                MX_USART1_UART_Init
 .text.HAL_UART_MspInit
                0x08001e8c       0xa8 ./Core/Src/usart.o
                0x08001e8c                HAL_UART_MspInit
 .text.Reset_Handler
                0x08001f34       0x48 ./Core/Startup/startup_stm32f103c6tx.o
                0x08001f34                Reset_Handler
 .text.Default_Handler
                0x08001f7c        0x2 ./Core/Startup/startup_stm32f103c6tx.o
                0x08001f7c                USBWakeUp_IRQHandler
                0x08001f7c                EXTI2_IRQHandler
                0x08001f7c                TIM1_CC_IRQHandler
                0x08001f7c                PVD_IRQHandler
                0x08001f7c                EXTI3_IRQHandler
                0x08001f7c                EXTI0_IRQHandler
                0x08001f7c                ADC1_2_IRQHandler
                0x08001f7c                SPI1_IRQHandler
                0x08001f7c                TAMPER_IRQHandler
                0x08001f7c                DMA1_Channel4_IRQHandler
                0x08001f7c                RTC_IRQHandler
                0x08001f7c                DMA1_Channel7_IRQHandler
                0x08001f7c                CAN1_RX1_IRQHandler
                0x08001f7c                I2C1_EV_IRQHandler
                0x08001f7c                DMA1_Channel6_IRQHandler
                0x08001f7c                TIM3_IRQHandler
                0x08001f7c                RCC_IRQHandler
                0x08001f7c                TIM1_TRG_COM_IRQHandler
                0x08001f7c                DMA1_Channel1_IRQHandler
                0x08001f7c                Default_Handler
                0x08001f7c                EXTI15_10_IRQHandler
                0x08001f7c                EXTI9_5_IRQHandler
                0x08001f7c                DMA1_Channel5_IRQHandler
                0x08001f7c                EXTI4_IRQHandler
                0x08001f7c                USB_LP_CAN1_RX0_IRQHandler
                0x08001f7c                USB_HP_CAN1_TX_IRQHandler
                0x08001f7c                DMA1_Channel3_IRQHandler
                0x08001f7c                TIM1_UP_IRQHandler
                0x08001f7c                WWDG_IRQHandler
                0x08001f7c                TIM2_IRQHandler
                0x08001f7c                TIM1_BRK_IRQHandler
                0x08001f7c                EXTI1_IRQHandler
                0x08001f7c                USART2_IRQHandler
                0x08001f7c                DMA1_Channel2_IRQHandler
                0x08001f7c                CAN1_SCE_IRQHandler
                0x08001f7c                FLASH_IRQHandler
                0x08001f7c                I2C1_ER_IRQHandler
                0x08001f7c                RTC_Alarm_IRQHandler
 *fill*         0x08001f7e        0x2 
 .text.HAL_Init
                0x08001f80       0x2c ./Drivers/STM32F1xx_HAL_Driver/Src/stm32f1xx_hal.o
                0x08001f80                HAL_Init
 .text.HAL_InitTick
                0x08001fac       0x60 ./Drivers/STM32F1xx_HAL_Driver/Src/stm32f1xx_hal.o
                0x08001fac                HAL_InitTick
 .text.HAL_IncTick
                0x0800200c       0x24 ./Drivers/STM32F1xx_HAL_Driver/Src/stm32f1xx_hal.o
                0x0800200c                HAL_IncTick
 .text.HAL_GetTick
                0x08002030       0x14 ./Drivers/STM32F1xx_HAL_Driver/Src/stm32f1xx_hal.o
                0x08002030                HAL_GetTick
 .text.HAL_Delay
                0x08002044       0x48 ./Drivers/STM32F1xx_HAL_Driver/Src/stm32f1xx_hal.o
                0x08002044                HAL_Delay
 .text.__NVIC_SetPriorityGrouping
                0x0800208c       0x48 ./Drivers/STM32F1xx_HAL_Driver/Src/stm32f1xx_hal_cortex.o
 .text.__NVIC_GetPriorityGrouping
                0x080020d4       0x1c ./Drivers/STM32F1xx_HAL_Driver/Src/stm32f1xx_hal_cortex.o
 .text.__NVIC_EnableIRQ
                0x080020f0       0x38 ./Drivers/STM32F1xx_HAL_Driver/Src/stm32f1xx_hal_cortex.o
 .text.__NVIC_SetPriority
                0x08002128       0x54 ./Drivers/STM32F1xx_HAL_Driver/Src/stm32f1xx_hal_cortex.o
 .text.NVIC_EncodePriority
                0x0800217c       0x64 ./Drivers/STM32F1xx_HAL_Driver/Src/stm32f1xx_hal_cortex.o
 .text.SysTick_Config
                0x080021e0       0x44 ./Drivers/STM32F1xx_HAL_Driver/Src/stm32f1xx_hal_cortex.o
 .text.HAL_NVIC_SetPriorityGrouping
                0x08002224       0x16 ./Drivers/STM32F1xx_HAL_Driver/Src/stm32f1xx_hal_cortex.o
                0x08002224                HAL_NVIC_SetPriorityGrouping
 .text.HAL_NVIC_SetPriority
                0x0800223a       0x38 ./Drivers/STM32F1xx_HAL_Driver/Src/stm32f1xx_hal_cortex.o
                0x0800223a                HAL_NVIC_SetPriority
 .text.HAL_NVIC_EnableIRQ
                0x08002272       0x1c ./Drivers/STM32F1xx_HAL_Driver/Src/stm32f1xx_hal_cortex.o
                0x08002272                HAL_NVIC_EnableIRQ
 .text.HAL_SYSTICK_Config
                0x0800228e       0x18 ./Drivers/STM32F1xx_HAL_Driver/Src/stm32f1xx_hal_cortex.o
                0x0800228e                HAL_SYSTICK_Config
 .text.HAL_DMA_Abort
                0x080022a6       0x76 ./Drivers/STM32F1xx_HAL_Driver/Src/stm32f1xx_hal_dma.o
                0x080022a6                HAL_DMA_Abort
 .text.HAL_DMA_Abort_IT
                0x0800231c       0xf0 ./Drivers/STM32F1xx_HAL_Driver/Src/stm32f1xx_hal_dma.o
                0x0800231c                HAL_DMA_Abort_IT
 .text.HAL_GPIO_Init
                0x0800240c      0x2f8 ./Drivers/STM32F1xx_HAL_Driver/Src/stm32f1xx_hal_gpio.o
                0x0800240c                HAL_GPIO_Init
 .text.HAL_GPIO_WritePin
                0x08002704       0x30 ./Drivers/STM32F1xx_HAL_Driver/Src/stm32f1xx_hal_gpio.o
                0x08002704                HAL_GPIO_WritePin
 .text.HAL_RCC_OscConfig
                0x08002734      0x504 ./Drivers/STM32F1xx_HAL_Driver/Src/stm32f1xx_hal_rcc.o
                0x08002734                HAL_RCC_OscConfig
 .text.HAL_RCC_ClockConfig
                0x08002c38      0x1d4 ./Drivers/STM32F1xx_HAL_Driver/Src/stm32f1xx_hal_rcc.o
                0x08002c38                HAL_RCC_ClockConfig
 .text.HAL_RCC_GetSysClockFreq
                0x08002e0c       0xa8 ./Drivers/STM32F1xx_HAL_Driver/Src/stm32f1xx_hal_rcc.o
                0x08002e0c                HAL_RCC_GetSysClockFreq
 .text.HAL_RCC_GetHCLKFreq
                0x08002eb4       0x14 ./Drivers/STM32F1xx_HAL_Driver/Src/stm32f1xx_hal_rcc.o
                0x08002eb4                HAL_RCC_GetHCLKFreq
 .text.HAL_RCC_GetPCLK1Freq
                0x08002ec8       0x28 ./Drivers/STM32F1xx_HAL_Driver/Src/stm32f1xx_hal_rcc.o
                0x08002ec8                HAL_RCC_GetPCLK1Freq
 .text.HAL_RCC_GetPCLK2Freq
                0x08002ef0       0x28 ./Drivers/STM32F1xx_HAL_Driver/Src/stm32f1xx_hal_rcc.o
                0x08002ef0                HAL_RCC_GetPCLK2Freq
 .text.RCC_Delay
                0x08002f18       0x3c ./Drivers/STM32F1xx_HAL_Driver/Src/stm32f1xx_hal_rcc.o
 .text.HAL_SPI_Init
                0x08002f54      0x108 ./Drivers/STM32F1xx_HAL_Driver/Src/stm32f1xx_hal_spi.o
                0x08002f54                HAL_SPI_Init
 .text.HAL_SPI_Transmit
                0x0800305c      0x288 ./Drivers/STM32F1xx_HAL_Driver/Src/stm32f1xx_hal_spi.o
                0x0800305c                HAL_SPI_Transmit
 .text.HAL_SPI_Receive
                0x080032e4      0x232 ./Drivers/STM32F1xx_HAL_Driver/Src/stm32f1xx_hal_spi.o
                0x080032e4                HAL_SPI_Receive
 .text.HAL_SPI_TransmitReceive
                0x08003516      0x352 ./Drivers/STM32F1xx_HAL_Driver/Src/stm32f1xx_hal_spi.o
                0x08003516                HAL_SPI_TransmitReceive
 .text.SPI_WaitFlagStateUntilTimeout
                0x08003868      0x110 ./Drivers/STM32F1xx_HAL_Driver/Src/stm32f1xx_hal_spi.o
 .text.SPI_EndRxTransaction
                0x08003978       0xa4 ./Drivers/STM32F1xx_HAL_Driver/Src/stm32f1xx_hal_spi.o
 .text.SPI_EndRxTxTransaction
                0x08003a1c       0x62 ./Drivers/STM32F1xx_HAL_Driver/Src/stm32f1xx_hal_spi.o
 .text.HAL_UART_Init
                0x08003a7e       0xa0 ./Drivers/STM32F1xx_HAL_Driver/Src/stm32f1xx_hal_uart.o
                0x08003a7e                HAL_UART_Init
 .text.HAL_UART_Transmit
                0x08003b1e      0x116 ./Drivers/STM32F1xx_HAL_Driver/Src/stm32f1xx_hal_uart.o
                0x08003b1e                HAL_UART_Transmit
 .text.HAL_UART_Receive
                0x08003c34      0x12e ./Drivers/STM32F1xx_HAL_Driver/Src/stm32f1xx_hal_uart.o
                0x08003c34                HAL_UART_Receive
 *fill*         0x08003d62        0x2 
 .text.HAL_UART_IRQHandler
                0x08003d64      0x524 ./Drivers/STM32F1xx_HAL_Driver/Src/stm32f1xx_hal_uart.o
                0x08003d64                HAL_UART_IRQHandler
 .text.HAL_UART_TxCpltCallback
                0x08004288       0x12 ./Drivers/STM32F1xx_HAL_Driver/Src/stm32f1xx_hal_uart.o
                0x08004288                HAL_UART_TxCpltCallback
 .text.HAL_UART_RxCpltCallback
                0x0800429a       0x12 ./Drivers/STM32F1xx_HAL_Driver/Src/stm32f1xx_hal_uart.o
                0x0800429a                HAL_UART_RxCpltCallback
 .text.HAL_UART_ErrorCallback
                0x080042ac       0x12 ./Drivers/STM32F1xx_HAL_Driver/Src/stm32f1xx_hal_uart.o
                0x080042ac                HAL_UART_ErrorCallback
 .text.HAL_UARTEx_RxEventCallback
                0x080042be       0x16 ./Drivers/STM32F1xx_HAL_Driver/Src/stm32f1xx_hal_uart.o
                0x080042be                HAL_UARTEx_RxEventCallback
 .text.UART_WaitOnFlagUntilTimeout
                0x080042d4       0xb2 ./Drivers/STM32F1xx_HAL_Driver/Src/stm32f1xx_hal_uart.o
 .text.UART_EndRxTransfer
                0x08004386       0xc4 ./Drivers/STM32F1xx_HAL_Driver/Src/stm32f1xx_hal_uart.o
 .text.UART_DMAAbortOnError
                0x0800444a       0x28 ./Drivers/STM32F1xx_HAL_Driver/Src/stm32f1xx_hal_uart.o
 .text.UART_Transmit_IT
                0x08004472       0x9e ./Drivers/STM32F1xx_HAL_Driver/Src/stm32f1xx_hal_uart.o
 .text.UART_EndTransmit_IT
                0x08004510       0x30 ./Drivers/STM32F1xx_HAL_Driver/Src/stm32f1xx_hal_uart.o
 .text.UART_Receive_IT
                0x08004540      0x17c ./Drivers/STM32F1xx_HAL_Driver/Src/stm32f1xx_hal_uart.o
 .text.UART_SetConfig
                0x080046bc      0x11c ./Drivers/STM32F1xx_HAL_Driver/Src/stm32f1xx_hal_uart.o
 .text.std      0x080047d8       0x6c /Applications/STM32CubeIDE.app/Contents/Eclipse/plugins/com.st.stm32cube.ide.mcu.externaltools.gnu-tools-for-stm32.13.3.rel1.macos64_1.0.0.202411102158/tools/bin/../lib/gcc/arm-none-eabi/13.3.1/../../../../arm-none-eabi/lib/thumb/v7-m/nofp/libc_nano.a(libc_a-findfp.o)
 .text.stdio_exit_handler
                0x08004844       0x18 /Applications/STM32CubeIDE.app/Contents/Eclipse/plugins/com.st.stm32cube.ide.mcu.externaltools.gnu-tools-for-stm32.13.3.rel1.macos64_1.0.0.202411102158/tools/bin/../lib/gcc/arm-none-eabi/13.3.1/../../../../arm-none-eabi/lib/thumb/v7-m/nofp/libc_nano.a(libc_a-findfp.o)
 .text.cleanup_stdio
                0x0800485c       0x40 /Applications/STM32CubeIDE.app/Contents/Eclipse/plugins/com.st.stm32cube.ide.mcu.externaltools.gnu-tools-for-stm32.13.3.rel1.macos64_1.0.0.202411102158/tools/bin/../lib/gcc/arm-none-eabi/13.3.1/../../../../arm-none-eabi/lib/thumb/v7-m/nofp/libc_nano.a(libc_a-findfp.o)
 .text.global_stdio_init.part.0
                0x0800489c       0x3c /Applications/STM32CubeIDE.app/Contents/Eclipse/plugins/com.st.stm32cube.ide.mcu.externaltools.gnu-tools-for-stm32.13.3.rel1.macos64_1.0.0.202411102158/tools/bin/../lib/gcc/arm-none-eabi/13.3.1/../../../../arm-none-eabi/lib/thumb/v7-m/nofp/libc_nano.a(libc_a-findfp.o)
 .text.__sfp_lock_acquire
                0x080048d8        0xc /Applications/STM32CubeIDE.app/Contents/Eclipse/plugins/com.st.stm32cube.ide.mcu.externaltools.gnu-tools-for-stm32.13.3.rel1.macos64_1.0.0.202411102158/tools/bin/../lib/gcc/arm-none-eabi/13.3.1/../../../../arm-none-eabi/lib/thumb/v7-m/nofp/libc_nano.a(libc_a-findfp.o)
                0x080048d8                __sfp_lock_acquire
 .text.__sfp_lock_release
                0x080048e4        0xc /Applications/STM32CubeIDE.app/Contents/Eclipse/plugins/com.st.stm32cube.ide.mcu.externaltools.gnu-tools-for-stm32.13.3.rel1.macos64_1.0.0.202411102158/tools/bin/../lib/gcc/arm-none-eabi/13.3.1/../../../../arm-none-eabi/lib/thumb/v7-m/nofp/libc_nano.a(libc_a-findfp.o)
                0x080048e4                __sfp_lock_release
 .text.__sinit  0x080048f0       0x30 /Applications/STM32CubeIDE.app/Contents/Eclipse/plugins/com.st.stm32cube.ide.mcu.externaltools.gnu-tools-for-stm32.13.3.rel1.macos64_1.0.0.202411102158/tools/bin/../lib/gcc/arm-none-eabi/13.3.1/../../../../arm-none-eabi/lib/thumb/v7-m/nofp/libc_nano.a(libc_a-findfp.o)
                0x080048f0                __sinit
 .text._fwalk_sglue
                0x08004920       0x3c /Applications/STM32CubeIDE.app/Contents/Eclipse/plugins/com.st.stm32cube.ide.mcu.externaltools.gnu-tools-for-stm32.13.3.rel1.macos64_1.0.0.202411102158/tools/bin/../lib/gcc/arm-none-eabi/13.3.1/../../../../arm-none-eabi/lib/thumb/v7-m/nofp/libc_nano.a(libc_a-fwalk.o)
                0x08004920                _fwalk_sglue
 .text._puts_r  0x0800495c       0xaa /Applications/STM32CubeIDE.app/Contents/Eclipse/plugins/com.st.stm32cube.ide.mcu.externaltools.gnu-tools-for-stm32.13.3.rel1.macos64_1.0.0.202411102158/tools/bin/../lib/gcc/arm-none-eabi/13.3.1/../../../../arm-none-eabi/lib/thumb/v7-m/nofp/libc_nano.a(libc_a-puts.o)
                0x0800495c                _puts_r
 *fill*         0x08004a06        0x2 
 .text.puts     0x08004a08       0x10 /Applications/STM32CubeIDE.app/Contents/Eclipse/plugins/com.st.stm32cube.ide.mcu.externaltools.gnu-tools-for-stm32.13.3.rel1.macos64_1.0.0.202411102158/tools/bin/../lib/gcc/arm-none-eabi/13.3.1/../../../../arm-none-eabi/lib/thumb/v7-m/nofp/libc_nano.a(libc_a-puts.o)
                0x08004a08                puts
 .text.memset   0x08004a18       0x10 /Applications/STM32CubeIDE.app/Contents/Eclipse/plugins/com.st.stm32cube.ide.mcu.externaltools.gnu-tools-for-stm32.13.3.rel1.macos64_1.0.0.202411102158/tools/bin/../lib/gcc/arm-none-eabi/13.3.1/../../../../arm-none-eabi/lib/thumb/v7-m/nofp/libc_nano.a(libc_a-memset.o)
                0x08004a18                memset
 .text.__errno  0x08004a28        0xc /Applications/STM32CubeIDE.app/Contents/Eclipse/plugins/com.st.stm32cube.ide.mcu.externaltools.gnu-tools-for-stm32.13.3.rel1.macos64_1.0.0.202411102158/tools/bin/../lib/gcc/arm-none-eabi/13.3.1/../../../../arm-none-eabi/lib/thumb/v7-m/nofp/libc_nano.a(libc_a-errno.o)
                0x08004a28                __errno
 .text.__libc_init_array
                0x08004a34       0x48 /Applications/STM32CubeIDE.app/Contents/Eclipse/plugins/com.st.stm32cube.ide.mcu.externaltools.gnu-tools-for-stm32.13.3.rel1.macos64_1.0.0.202411102158/tools/bin/../lib/gcc/arm-none-eabi/13.3.1/../../../../arm-none-eabi/lib/thumb/v7-m/nofp/libc_nano.a(libc_a-init.o)
                0x08004a34                __libc_init_array
 .text.__retarget_lock_init_recursive
                0x08004a7c        0x2 /Applications/STM32CubeIDE.app/Contents/Eclipse/plugins/com.st.stm32cube.ide.mcu.externaltools.gnu-tools-for-stm32.13.3.rel1.macos64_1.0.0.202411102158/tools/bin/../lib/gcc/arm-none-eabi/13.3.1/../../../../arm-none-eabi/lib/thumb/v7-m/nofp/libc_nano.a(libc_a-lock.o)
                0x08004a7c                __retarget_lock_init_recursive
 .text.__retarget_lock_acquire_recursive
                0x08004a7e        0x2 /Applications/STM32CubeIDE.app/Contents/Eclipse/plugins/com.st.stm32cube.ide.mcu.externaltools.gnu-tools-for-stm32.13.3.rel1.macos64_1.0.0.202411102158/tools/bin/../lib/gcc/arm-none-eabi/13.3.1/../../../../arm-none-eabi/lib/thumb/v7-m/nofp/libc_nano.a(libc_a-lock.o)
                0x08004a7e                __retarget_lock_acquire_recursive
 .text.__retarget_lock_release_recursive
                0x08004a80        0x2 /Applications/STM32CubeIDE.app/Contents/Eclipse/plugins/com.st.stm32cube.ide.mcu.externaltools.gnu-tools-for-stm32.13.3.rel1.macos64_1.0.0.202411102158/tools/bin/../lib/gcc/arm-none-eabi/13.3.1/../../../../arm-none-eabi/lib/thumb/v7-m/nofp/libc_nano.a(libc_a-lock.o)
                0x08004a80                __retarget_lock_release_recursive
 .text.copysignf
                0x08004a82        0x8 /Applications/STM32CubeIDE.app/Contents/Eclipse/plugins/com.st.stm32cube.ide.mcu.externaltools.gnu-tools-for-stm32.13.3.rel1.macos64_1.0.0.202411102158/tools/bin/../lib/gcc/arm-none-eabi/13.3.1/../../../../arm-none-eabi/lib/thumb/v7-m/nofp/libc_nano.a(libm_a-sf_copysign.o)
                0x08004a82                copysignf
 *fill*         0x08004a8a        0x2 
 .text.sbrk_aligned
                0x08004a8c       0x44 /Applications/STM32CubeIDE.app/Contents/Eclipse/plugins/com.st.stm32cube.ide.mcu.externaltools.gnu-tools-for-stm32.13.3.rel1.macos64_1.0.0.202411102158/tools/bin/../lib/gcc/arm-none-eabi/13.3.1/../../../../arm-none-eabi/lib/thumb/v7-m/nofp/libc_nano.a(libc_a-mallocr.o)
 .text._malloc_r
                0x08004ad0      0x100 /Applications/STM32CubeIDE.app/Contents/Eclipse/plugins/com.st.stm32cube.ide.mcu.externaltools.gnu-tools-for-stm32.13.3.rel1.macos64_1.0.0.202411102158/tools/bin/../lib/gcc/arm-none-eabi/13.3.1/../../../../arm-none-eabi/lib/thumb/v7-m/nofp/libc_nano.a(libc_a-mallocr.o)
                0x08004ad0                _malloc_r
 .text.__sflush_r
                0x08004bd0      0x100 /Applications/STM32CubeIDE.app/Contents/Eclipse/plugins/com.st.stm32cube.ide.mcu.externaltools.gnu-tools-for-stm32.13.3.rel1.macos64_1.0.0.202411102158/tools/bin/../lib/gcc/arm-none-eabi/13.3.1/../../../../arm-none-eabi/lib/thumb/v7-m/nofp/libc_nano.a(libc_a-fflush.o)
                0x08004bd0                __sflush_r
 .text._fflush_r
                0x08004cd0       0x50 /Applications/STM32CubeIDE.app/Contents/Eclipse/plugins/com.st.stm32cube.ide.mcu.externaltools.gnu-tools-for-stm32.13.3.rel1.macos64_1.0.0.202411102158/tools/bin/../lib/gcc/arm-none-eabi/13.3.1/../../../../arm-none-eabi/lib/thumb/v7-m/nofp/libc_nano.a(libc_a-fflush.o)
                0x08004cd0                _fflush_r
 .text.__malloc_lock
                0x08004d20        0xc /Applications/STM32CubeIDE.app/Contents/Eclipse/plugins/com.st.stm32cube.ide.mcu.externaltools.gnu-tools-for-stm32.13.3.rel1.macos64_1.0.0.202411102158/tools/bin/../lib/gcc/arm-none-eabi/13.3.1/../../../../arm-none-eabi/lib/thumb/v7-m/nofp/libc_nano.a(libc_a-mlock.o)
                0x08004d20                __malloc_lock
 .text.__malloc_unlock
                0x08004d2c        0xc /Applications/STM32CubeIDE.app/Contents/Eclipse/plugins/com.st.stm32cube.ide.mcu.externaltools.gnu-tools-for-stm32.13.3.rel1.macos64_1.0.0.202411102158/tools/bin/../lib/gcc/arm-none-eabi/13.3.1/../../../../arm-none-eabi/lib/thumb/v7-m/nofp/libc_nano.a(libc_a-mlock.o)
                0x08004d2c                __malloc_unlock
 .text.__sread  0x08004d38       0x22 /Applications/STM32CubeIDE.app/Contents/Eclipse/plugins/com.st.stm32cube.ide.mcu.externaltools.gnu-tools-for-stm32.13.3.rel1.macos64_1.0.0.202411102158/tools/bin/../lib/gcc/arm-none-eabi/13.3.1/../../../../arm-none-eabi/lib/thumb/v7-m/nofp/libc_nano.a(libc_a-stdio.o)
                0x08004d38                __sread
 .text.__swrite
                0x08004d5a       0x38 /Applications/STM32CubeIDE.app/Contents/Eclipse/plugins/com.st.stm32cube.ide.mcu.externaltools.gnu-tools-for-stm32.13.3.rel1.macos64_1.0.0.202411102158/tools/bin/../lib/gcc/arm-none-eabi/13.3.1/../../../../arm-none-eabi/lib/thumb/v7-m/nofp/libc_nano.a(libc_a-stdio.o)
                0x08004d5a                __swrite
 .text.__sseek  0x08004d92       0x24 /Applications/STM32CubeIDE.app/Contents/Eclipse/plugins/com.st.stm32cube.ide.mcu.externaltools.gnu-tools-for-stm32.13.3.rel1.macos64_1.0.0.202411102158/tools/bin/../lib/gcc/arm-none-eabi/13.3.1/../../../../arm-none-eabi/lib/thumb/v7-m/nofp/libc_nano.a(libc_a-stdio.o)
                0x08004d92                __sseek
 .text.__sclose
                0x08004db6        0x8 /Applications/STM32CubeIDE.app/Contents/Eclipse/plugins/com.st.stm32cube.ide.mcu.externaltools.gnu-tools-for-stm32.13.3.rel1.macos64_1.0.0.202411102158/tools/bin/../lib/gcc/arm-none-eabi/13.3.1/../../../../arm-none-eabi/lib/thumb/v7-m/nofp/libc_nano.a(libc_a-stdio.o)
                0x08004db6                __sclose
 .text.__swbuf_r
                0x08004dbe       0x7c /Applications/STM32CubeIDE.app/Contents/Eclipse/plugins/com.st.stm32cube.ide.mcu.externaltools.gnu-tools-for-stm32.13.3.rel1.macos64_1.0.0.202411102158/tools/bin/../lib/gcc/arm-none-eabi/13.3.1/../../../../arm-none-eabi/lib/thumb/v7-m/nofp/libc_nano.a(libc_a-wbuf.o)
                0x08004dbe                __swbuf_r
 *fill*         0x08004e3a        0x2 
 .text.__swsetup_r
                0x08004e3c       0xac /Applications/STM32CubeIDE.app/Contents/Eclipse/plugins/com.st.stm32cube.ide.mcu.externaltools.gnu-tools-for-stm32.13.3.rel1.macos64_1.0.0.202411102158/tools/bin/../lib/gcc/arm-none-eabi/13.3.1/../../../../arm-none-eabi/lib/thumb/v7-m/nofp/libc_nano.a(libc_a-wsetup.o)
                0x08004e3c                __swsetup_r
 .text.__swhatbuf_r
                0x08004ee8       0x4a /Applications/STM32CubeIDE.app/Contents/Eclipse/plugins/com.st.stm32cube.ide.mcu.externaltools.gnu-tools-for-stm32.13.3.rel1.macos64_1.0.0.202411102158/tools/bin/../lib/gcc/arm-none-eabi/13.3.1/../../../../arm-none-eabi/lib/thumb/v7-m/nofp/libc_nano.a(libc_a-makebuf.o)
                0x08004ee8                __swhatbuf_r
 .text.__smakebuf_r
                0x08004f32       0x78 /Applications/STM32CubeIDE.app/Contents/Eclipse/plugins/com.st.stm32cube.ide.mcu.externaltools.gnu-tools-for-stm32.13.3.rel1.macos64_1.0.0.202411102158/tools/bin/../lib/gcc/arm-none-eabi/13.3.1/../../../../arm-none-eabi/lib/thumb/v7-m/nofp/libc_nano.a(libc_a-makebuf.o)
                0x08004f32                __smakebuf_r
 *fill*         0x08004faa        0x2 
 .text._isatty_r
                0x08004fac       0x20 /Applications/STM32CubeIDE.app/Contents/Eclipse/plugins/com.st.stm32cube.ide.mcu.externaltools.gnu-tools-for-stm32.13.3.rel1.macos64_1.0.0.202411102158/tools/bin/../lib/gcc/arm-none-eabi/13.3.1/../../../../arm-none-eabi/lib/thumb/v7-m/nofp/libc_nano.a(libc_a-isattyr.o)
                0x08004fac                _isatty_r
 .text._lseek_r
                0x08004fcc       0x24 /Applications/STM32CubeIDE.app/Contents/Eclipse/plugins/com.st.stm32cube.ide.mcu.externaltools.gnu-tools-for-stm32.13.3.rel1.macos64_1.0.0.202411102158/tools/bin/../lib/gcc/arm-none-eabi/13.3.1/../../../../arm-none-eabi/lib/thumb/v7-m/nofp/libc_nano.a(libc_a-lseekr.o)
                0x08004fcc                _lseek_r
 .text._read_r  0x08004ff0       0x24 /Applications/STM32CubeIDE.app/Contents/Eclipse/plugins/com.st.stm32cube.ide.mcu.externaltools.gnu-tools-for-stm32.13.3.rel1.macos64_1.0.0.202411102158/tools/bin/../lib/gcc/arm-none-eabi/13.3.1/../../../../arm-none-eabi/lib/thumb/v7-m/nofp/libc_nano.a(libc_a-readr.o)
                0x08004ff0                _read_r
 .text._sbrk_r  0x08005014       0x20 /Applications/STM32CubeIDE.app/Contents/Eclipse/plugins/com.st.stm32cube.ide.mcu.externaltools.gnu-tools-for-stm32.13.3.rel1.macos64_1.0.0.202411102158/tools/bin/../lib/gcc/arm-none-eabi/13.3.1/../../../../arm-none-eabi/lib/thumb/v7-m/nofp/libc_nano.a(libc_a-sbrkr.o)
                0x08005014                _sbrk_r
 .text._write_r
                0x08005034       0x24 /Applications/STM32CubeIDE.app/Contents/Eclipse/plugins/com.st.stm32cube.ide.mcu.externaltools.gnu-tools-for-stm32.13.3.rel1.macos64_1.0.0.202411102158/tools/bin/../lib/gcc/arm-none-eabi/13.3.1/../../../../arm-none-eabi/lib/thumb/v7-m/nofp/libc_nano.a(libc_a-writer.o)
                0x08005034                _write_r
 .text._close_r
                0x08005058       0x20 /Applications/STM32CubeIDE.app/Contents/Eclipse/plugins/com.st.stm32cube.ide.mcu.externaltools.gnu-tools-for-stm32.13.3.rel1.macos64_1.0.0.202411102158/tools/bin/../lib/gcc/arm-none-eabi/13.3.1/../../../../arm-none-eabi/lib/thumb/v7-m/nofp/libc_nano.a(libc_a-closer.o)
                0x08005058                _close_r
 .text._fstat_r
                0x08005078       0x24 /Applications/STM32CubeIDE.app/Contents/Eclipse/plugins/com.st.stm32cube.ide.mcu.externaltools.gnu-tools-for-stm32.13.3.rel1.macos64_1.0.0.202411102158/tools/bin/../lib/gcc/arm-none-eabi/13.3.1/../../../../arm-none-eabi/lib/thumb/v7-m/nofp/libc_nano.a(libc_a-fstatr.o)
                0x08005078                _fstat_r
 .text._free_r  0x0800509c       0x90 /Applications/STM32CubeIDE.app/Contents/Eclipse/plugins/com.st.stm32cube.ide.mcu.externaltools.gnu-tools-for-stm32.13.3.rel1.macos64_1.0.0.202411102158/tools/bin/../lib/gcc/arm-none-eabi/13.3.1/../../../../arm-none-eabi/lib/thumb/v7-m/nofp/libc_nano.a(libc_a-freer.o)
                0x0800509c                _free_r
 .text.sqrtf    0x0800512c       0x34 /Applications/STM32CubeIDE.app/Contents/Eclipse/plugins/com.st.stm32cube.ide.mcu.externaltools.gnu-tools-for-stm32.13.3.rel1.macos64_1.0.0.202411102158/tools/bin/../lib/gcc/arm-none-eabi/13.3.1/../../../../arm-none-eabi/lib/thumb/v7-m/nofp/libm.a(libm_a-wf_sqrt.o)
                0x0800512c                sqrtf
 .text.__ieee754_sqrtf
                0x08005160       0xe0 /Applications/STM32CubeIDE.app/Contents/Eclipse/plugins/com.st.stm32cube.ide.mcu.externaltools.gnu-tools-for-stm32.13.3.rel1.macos64_1.0.0.202411102158/tools/bin/../lib/gcc/arm-none-eabi/13.3.1/../../../../arm-none-eabi/lib/thumb/v7-m/nofp/libm.a(libm_a-ef_sqrt.o)
                0x08005160                __ieee754_sqrtf
 *(.glue_7)
 .glue_7        0x08005240        0x0 linker stubs
 *(.glue_7t)
 .glue_7t       0x08005240        0x0 linker stubs
 *(.eh_frame)
 .eh_frame      0x08005240        0x0 /Applications/STM32CubeIDE.app/Contents/Eclipse/plugins/com.st.stm32cube.ide.mcu.externaltools.gnu-tools-for-stm32.13.3.rel1.macos64_1.0.0.202411102158/tools/bin/../lib/gcc/arm-none-eabi/13.3.1/thumb/v7-m/nofp/crtbegin.o
 *(.init)
 .init          0x08005240        0x4 /Applications/STM32CubeIDE.app/Contents/Eclipse/plugins/com.st.stm32cube.ide.mcu.externaltools.gnu-tools-for-stm32.13.3.rel1.macos64_1.0.0.202411102158/tools/bin/../lib/gcc/arm-none-eabi/13.3.1/thumb/v7-m/nofp/crti.o
                0x08005240                _init
 .init          0x08005244        0x8 /Applications/STM32CubeIDE.app/Contents/Eclipse/plugins/com.st.stm32cube.ide.mcu.externaltools.gnu-tools-for-stm32.13.3.rel1.macos64_1.0.0.202411102158/tools/bin/../lib/gcc/arm-none-eabi/13.3.1/thumb/v7-m/nofp/crtn.o
 *(.fini)
 .fini          0x0800524c        0x4 /Applications/STM32CubeIDE.app/Contents/Eclipse/plugins/com.st.stm32cube.ide.mcu.externaltools.gnu-tools-for-stm32.13.3.rel1.macos64_1.0.0.202411102158/tools/bin/../lib/gcc/arm-none-eabi/13.3.1/thumb/v7-m/nofp/crti.o
                0x0800524c                _fini
 .fini          0x08005250        0x8 /Applications/STM32CubeIDE.app/Contents/Eclipse/plugins/com.st.stm32cube.ide.mcu.externaltools.gnu-tools-for-stm32.13.3.rel1.macos64_1.0.0.202411102158/tools/bin/../lib/gcc/arm-none-eabi/13.3.1/thumb/v7-m/nofp/crtn.o
                0x08005258                        . = ALIGN (0x4)
                0x08005258                        _etext = .

.vfp11_veneer   0x08005258        0x0
 .vfp11_veneer  0x08005258        0x0 linker stubs

.v4_bx          0x08005258        0x0
 .v4_bx         0x08005258        0x0 linker stubs

.iplt           0x08005258        0x0
 .iplt          0x08005258        0x0 /Applications/STM32CubeIDE.app/Contents/Eclipse/plugins/com.st.stm32cube.ide.mcu.externaltools.gnu-tools-for-stm32.13.3.rel1.macos64_1.0.0.202411102158/tools/bin/../lib/gcc/arm-none-eabi/13.3.1/thumb/v7-m/nofp/crtbegin.o

.rodata         0x08005258      0x1b8
                0x08005258                        . = ALIGN (0x4)
 *(.rodata)
 .rodata        0x08005258      0x183 ./Core/Src/main.o
 *(.rodata*)
 *fill*         0x080053db        0x1 
 .rodata.AHBPrescTable
                0x080053dc       0x10 ./Core/Src/system_stm32f1xx.o
                0x080053dc                AHBPrescTable
 .rodata.APBPrescTable
                0x080053ec        0x8 ./Core/Src/system_stm32f1xx.o
                0x080053ec                APBPrescTable
 .rodata.aPLLMULFactorTable.1
                0x080053f4       0x10 ./Drivers/STM32F1xx_HAL_Driver/Src/stm32f1xx_hal_rcc.o
 .rodata.aPredivFactorTable.0
                0x08005404        0x2 ./Drivers/STM32F1xx_HAL_Driver/Src/stm32f1xx_hal_rcc.o
 *fill*         0x08005406        0x2 
 .rodata.tiny   0x08005408        0x4 /Applications/STM32CubeIDE.app/Contents/Eclipse/plugins/com.st.stm32cube.ide.mcu.externaltools.gnu-tools-for-stm32.13.3.rel1.macos64_1.0.0.202411102158/tools/bin/../lib/gcc/arm-none-eabi/13.3.1/../../../../arm-none-eabi/lib/thumb/v7-m/nofp/libm.a(libm_a-ef_sqrt.o)
 .rodata.one    0x0800540c        0x4 /Applications/STM32CubeIDE.app/Contents/Eclipse/plugins/com.st.stm32cube.ide.mcu.externaltools.gnu-tools-for-stm32.13.3.rel1.macos64_1.0.0.202411102158/tools/bin/../lib/gcc/arm-none-eabi/13.3.1/../../../../arm-none-eabi/lib/thumb/v7-m/nofp/libm.a(libm_a-ef_sqrt.o)
                0x08005410                        . = ALIGN (0x4)

.ARM.extab      0x08005410        0x0
                0x08005410                        . = ALIGN (0x4)
 *(.ARM.extab* .gnu.linkonce.armextab.*)
                0x08005410                        . = ALIGN (0x4)

.ARM            0x08005410        0x0
                0x08005410                        . = ALIGN (0x4)
                0x08005410                        __exidx_start = .
 *(.ARM.exidx*)
                0x08005410                        __exidx_end = .
                0x08005410                        . = ALIGN (0x4)

.preinit_array  0x08005410        0x0
                0x08005410                        . = ALIGN (0x4)
                0x08005410                        PROVIDE (__preinit_array_start = .)
 *(.preinit_array*)
                0x08005410                        PROVIDE (__preinit_array_end = .)
                0x08005410                        . = ALIGN (0x4)

.init_array     0x08005410        0x4
                0x08005410                        . = ALIGN (0x4)
                0x08005410                        PROVIDE (__init_array_start = .)
 *(SORT_BY_NAME(.init_array.*))
 *(.init_array*)
 .init_array    0x08005410        0x4 /Applications/STM32CubeIDE.app/Contents/Eclipse/plugins/com.st.stm32cube.ide.mcu.externaltools.gnu-tools-for-stm32.13.3.rel1.macos64_1.0.0.202411102158/tools/bin/../lib/gcc/arm-none-eabi/13.3.1/thumb/v7-m/nofp/crtbegin.o
                0x08005414                        PROVIDE (__init_array_end = .)
                0x08005414                        . = ALIGN (0x4)

.fini_array     0x08005414        0x4
                0x08005414                        . = ALIGN (0x4)
                [!provide]                        PROVIDE (__fini_array_start = .)
 *(SORT_BY_NAME(.fini_array.*))
 *(.fini_array*)
 .fini_array    0x08005414        0x4 /Applications/STM32CubeIDE.app/Contents/Eclipse/plugins/com.st.stm32cube.ide.mcu.externaltools.gnu-tools-for-stm32.13.3.rel1.macos64_1.0.0.202411102158/tools/bin/../lib/gcc/arm-none-eabi/13.3.1/thumb/v7-m/nofp/crtbegin.o
                [!provide]                        PROVIDE (__fini_array_end = .)
                0x08005418                        . = ALIGN (0x4)
                0x08005418                        _sidata = LOADADDR (.data)

.rel.dyn        0x08005418        0x0
 .rel.iplt      0x08005418        0x0 /Applications/STM32CubeIDE.app/Contents/Eclipse/plugins/com.st.stm32cube.ide.mcu.externaltools.gnu-tools-for-stm32.13.3.rel1.macos64_1.0.0.202411102158/tools/bin/../lib/gcc/arm-none-eabi/13.3.1/thumb/v7-m/nofp/crtbegin.o

.data           0x20000000       0x6c load address 0x08005418
                0x20000000                        . = ALIGN (0x4)
                0x20000000                        _sdata = .
 *(.data)
 *(.data*)
 .data.last_bank
                0x20000000        0x1 ./Core/Src/icm20948.o
 *fill*         0x20000001        0x3 
 .data.SystemCoreClock
                0x20000004        0x4 ./Core/Src/system_stm32f1xx.o
                0x20000004                SystemCoreClock
 .data.uwTickPrio
                0x20000008        0x4 ./Drivers/STM32F1xx_HAL_Driver/Src/stm32f1xx_hal.o
                0x20000008                uwTickPrio
 .data.uwTickFreq
                0x2000000c        0x1 ./Drivers/STM32F1xx_HAL_Driver/Src/stm32f1xx_hal.o
                0x2000000c                uwTickFreq
 *fill*         0x2000000d        0x3 
 .data.__sglue  0x20000010        0xc /Applications/STM32CubeIDE.app/Contents/Eclipse/plugins/com.st.stm32cube.ide.mcu.externaltools.gnu-tools-for-stm32.13.3.rel1.macos64_1.0.0.202411102158/tools/bin/../lib/gcc/arm-none-eabi/13.3.1/../../../../arm-none-eabi/lib/thumb/v7-m/nofp/libc_nano.a(libc_a-findfp.o)
                0x20000010                __sglue
 .data._impure_ptr
                0x2000001c        0x4 /Applications/STM32CubeIDE.app/Contents/Eclipse/plugins/com.st.stm32cube.ide.mcu.externaltools.gnu-tools-for-stm32.13.3.rel1.macos64_1.0.0.202411102158/tools/bin/../lib/gcc/arm-none-eabi/13.3.1/../../../../arm-none-eabi/lib/thumb/v7-m/nofp/libc_nano.a(libc_a-impure.o)
                0x2000001c                _impure_ptr
 .data._impure_data
                0x20000020       0x4c /Applications/STM32CubeIDE.app/Contents/Eclipse/plugins/com.st.stm32cube.ide.mcu.externaltools.gnu-tools-for-stm32.13.3.rel1.macos64_1.0.0.202411102158/tools/bin/../lib/gcc/arm-none-eabi/13.3.1/../../../../arm-none-eabi/lib/thumb/v7-m/nofp/libc_nano.a(libc_a-impure.o)
                0x20000020                _impure_data
 *(.RamFunc)
 *(.RamFunc*)
                0x2000006c                        . = ALIGN (0x4)
                0x2000006c                        _edata = .

.igot.plt       0x2000006c        0x0 load address 0x08005484
 .igot.plt      0x2000006c        0x0 /Applications/STM32CubeIDE.app/Contents/Eclipse/plugins/com.st.stm32cube.ide.mcu.externaltools.gnu-tools-for-stm32.13.3.rel1.macos64_1.0.0.202411102158/tools/bin/../lib/gcc/arm-none-eabi/13.3.1/thumb/v7-m/nofp/crtbegin.o
                0x2000006c                        . = ALIGN (0x4)

.bss            0x2000006c      0x218 load address 0x08005484
                0x2000006c                        _sbss = .
                0x2000006c                        __bss_start__ = _sbss
 *(.bss)
 .bss           0x2000006c       0x1c /Applications/STM32CubeIDE.app/Contents/Eclipse/plugins/com.st.stm32cube.ide.mcu.externaltools.gnu-tools-for-stm32.13.3.rel1.macos64_1.0.0.202411102158/tools/bin/../lib/gcc/arm-none-eabi/13.3.1/thumb/v7-m/nofp/crtbegin.o
 *(.bss*)
 .bss.gyro_scale_factor
                0x20000088        0x4 ./Core/Src/icm20948.o
 .bss.accel_scale_factor
                0x2000008c        0x4 ./Core/Src/icm20948.o
 .bss.hspi1     0x20000090       0x58 ./Core/Src/spi.o
                0x20000090                hspi1
 .bss.__sbrk_heap_end
                0x200000e8        0x4 ./Core/Src/sysmem.o
 .bss.huart1    0x200000ec       0x48 ./Core/Src/usart.o
                0x200000ec                huart1
 .bss.uwTick    0x20000134        0x4 ./Drivers/STM32F1xx_HAL_Driver/Src/stm32f1xx_hal.o
                0x20000134                uwTick
 .bss.__sf      0x20000138      0x138 /Applications/STM32CubeIDE.app/Contents/Eclipse/plugins/com.st.stm32cube.ide.mcu.externaltools.gnu-tools-for-stm32.13.3.rel1.macos64_1.0.0.202411102158/tools/bin/../lib/gcc/arm-none-eabi/13.3.1/../../../../arm-none-eabi/lib/thumb/v7-m/nofp/libc_nano.a(libc_a-findfp.o)
                0x20000138                __sf
 .bss.__stdio_exit_handler
                0x20000270        0x4 /Applications/STM32CubeIDE.app/Contents/Eclipse/plugins/com.st.stm32cube.ide.mcu.externaltools.gnu-tools-for-stm32.13.3.rel1.macos64_1.0.0.202411102158/tools/bin/../lib/gcc/arm-none-eabi/13.3.1/../../../../arm-none-eabi/lib/thumb/v7-m/nofp/libc_nano.a(libc_a-findfp.o)
                0x20000270                __stdio_exit_handler
 .bss.__lock___malloc_recursive_mutex
                0x20000274        0x1 /Applications/STM32CubeIDE.app/Contents/Eclipse/plugins/com.st.stm32cube.ide.mcu.externaltools.gnu-tools-for-stm32.13.3.rel1.macos64_1.0.0.202411102158/tools/bin/../lib/gcc/arm-none-eabi/13.3.1/../../../../arm-none-eabi/lib/thumb/v7-m/nofp/libc_nano.a(libc_a-lock.o)
                0x20000274                __lock___malloc_recursive_mutex
 .bss.__lock___sfp_recursive_mutex
                0x20000275        0x1 /Applications/STM32CubeIDE.app/Contents/Eclipse/plugins/com.st.stm32cube.ide.mcu.externaltools.gnu-tools-for-stm32.13.3.rel1.macos64_1.0.0.202411102158/tools/bin/../lib/gcc/arm-none-eabi/13.3.1/../../../../arm-none-eabi/lib/thumb/v7-m/nofp/libc_nano.a(libc_a-lock.o)
                0x20000275                __lock___sfp_recursive_mutex
 *fill*         0x20000276        0x2 
 .bss.__malloc_sbrk_start
                0x20000278        0x4 /Applications/STM32CubeIDE.app/Contents/Eclipse/plugins/com.st.stm32cube.ide.mcu.externaltools.gnu-tools-for-stm32.13.3.rel1.macos64_1.0.0.202411102158/tools/bin/../lib/gcc/arm-none-eabi/13.3.1/../../../../arm-none-eabi/lib/thumb/v7-m/nofp/libc_nano.a(libc_a-mallocr.o)
                0x20000278                __malloc_sbrk_start
 .bss.__malloc_free_list
                0x2000027c        0x4 /Applications/STM32CubeIDE.app/Contents/Eclipse/plugins/com.st.stm32cube.ide.mcu.externaltools.gnu-tools-for-stm32.13.3.rel1.macos64_1.0.0.202411102158/tools/bin/../lib/gcc/arm-none-eabi/13.3.1/../../../../arm-none-eabi/lib/thumb/v7-m/nofp/libc_nano.a(libc_a-mallocr.o)
                0x2000027c                __malloc_free_list
 .bss.errno     0x20000280        0x4 /Applications/STM32CubeIDE.app/Contents/Eclipse/plugins/com.st.stm32cube.ide.mcu.externaltools.gnu-tools-for-stm32.13.3.rel1.macos64_1.0.0.202411102158/tools/bin/../lib/gcc/arm-none-eabi/13.3.1/../../../../arm-none-eabi/lib/thumb/v7-m/nofp/libc_nano.a(libc_a-reent.o)
                0x20000280                errno
 *(COMMON)
                0x20000284                        . = ALIGN (0x4)
                0x20000284                        _ebss = .
                0x20000284                        __bss_end__ = _ebss

._user_heap_stack
                0x20000284      0x604 load address 0x08005484
                0x20000288                        . = ALIGN (0x8)
 *fill*         0x20000284        0x4 
                [!provide]                        PROVIDE (end = .)
                0x20000288                        PROVIDE (_end = .)
                0x20000488                        . = (. + _Min_Heap_Size)
 *fill*         0x20000288      0x200 
                0x20000888                        . = (. + _Min_Stack_Size)
 *fill*         0x20000488      0x400 
                0x20000888                        . = ALIGN (0x8)

/DISCARD/
 libc.a(*)
 libm.a(*)
 libgcc.a(*)

.ARM.attributes
                0x00000000       0x29
 *(.ARM.attributes)
 .ARM.attributes
                0x00000000       0x1d /Applications/STM32CubeIDE.app/Contents/Eclipse/plugins/com.st.stm32cube.ide.mcu.externaltools.gnu-tools-for-stm32.13.3.rel1.macos64_1.0.0.202411102158/tools/bin/../lib/gcc/arm-none-eabi/13.3.1/thumb/v7-m/nofp/crti.o
 .ARM.attributes
                0x0000001d       0x2d /Applications/STM32CubeIDE.app/Contents/Eclipse/plugins/com.st.stm32cube.ide.mcu.externaltools.gnu-tools-for-stm32.13.3.rel1.macos64_1.0.0.202411102158/tools/bin/../lib/gcc/arm-none-eabi/13.3.1/thumb/v7-m/nofp/crtbegin.o
 .ARM.attributes
                0x0000004a       0x2d ./Core/Src/gpio.o
 .ARM.attributes
                0x00000077       0x2d ./Core/Src/icm20948.o
 .ARM.attributes
                0x000000a4       0x2d ./Core/Src/madgwick.o
 .ARM.attributes
                0x000000d1       0x2d ./Core/Src/main.o
 .ARM.attributes
                0x000000fe       0x2d ./Core/Src/spi.o
 .ARM.attributes
                0x0000012b       0x2d ./Core/Src/stm32f1xx_hal_msp.o
 .ARM.attributes
                0x00000158       0x2d ./Core/Src/stm32f1xx_it.o
 .ARM.attributes
                0x00000185       0x2d ./Core/Src/syscalls.o
 .ARM.attributes
                0x000001b2       0x2d ./Core/Src/sysmem.o
 .ARM.attributes
                0x000001df       0x2d ./Core/Src/system_stm32f1xx.o
 .ARM.attributes
                0x0000020c       0x2d ./Core/Src/usart.o
 .ARM.attributes
                0x00000239       0x21 ./Core/Startup/startup_stm32f103c6tx.o
 .ARM.attributes
                0x0000025a       0x2d ./Drivers/STM32F1xx_HAL_Driver/Src/stm32f1xx_hal.o
 .ARM.attributes
                0x00000287       0x2d ./Drivers/STM32F1xx_HAL_Driver/Src/stm32f1xx_hal_cortex.o
 .ARM.attributes
                0x000002b4       0x2d ./Drivers/STM32F1xx_HAL_Driver/Src/stm32f1xx_hal_dma.o
 .ARM.attributes
                0x000002e1       0x2d ./Drivers/STM32F1xx_HAL_Driver/Src/stm32f1xx_hal_gpio.o
 .ARM.attributes
                0x0000030e       0x2d ./Drivers/STM32F1xx_HAL_Driver/Src/stm32f1xx_hal_rcc.o
 .ARM.attributes
                0x0000033b       0x2d ./Drivers/STM32F1xx_HAL_Driver/Src/stm32f1xx_hal_spi.o
 .ARM.attributes
                0x00000368       0x2d ./Drivers/STM32F1xx_HAL_Driver/Src/stm32f1xx_hal_uart.o
 .ARM.attributes
                0x00000395       0x2d /Applications/STM32CubeIDE.app/Contents/Eclipse/plugins/com.st.stm32cube.ide.mcu.externaltools.gnu-tools-for-stm32.13.3.rel1.macos64_1.0.0.202411102158/tools/bin/../lib/gcc/arm-none-eabi/13.3.1/../../../../arm-none-eabi/lib/thumb/v7-m/nofp/libc_nano.a(libc_a-findfp.o)
 .ARM.attributes
                0x000003c2       0x2d /Applications/STM32CubeIDE.app/Contents/Eclipse/plugins/com.st.stm32cube.ide.mcu.externaltools.gnu-tools-for-stm32.13.3.rel1.macos64_1.0.0.202411102158/tools/bin/../lib/gcc/arm-none-eabi/13.3.1/../../../../arm-none-eabi/lib/thumb/v7-m/nofp/libc_nano.a(libc_a-fwalk.o)
 .ARM.attributes
                0x000003ef       0x2d /Applications/STM32CubeIDE.app/Contents/Eclipse/plugins/com.st.stm32cube.ide.mcu.externaltools.gnu-tools-for-stm32.13.3.rel1.macos64_1.0.0.202411102158/tools/bin/../lib/gcc/arm-none-eabi/13.3.1/../../../../arm-none-eabi/lib/thumb/v7-m/nofp/libc_nano.a(libc_a-puts.o)
 .ARM.attributes
                0x0000041c       0x2d /Applications/STM32CubeIDE.app/Contents/Eclipse/plugins/com.st.stm32cube.ide.mcu.externaltools.gnu-tools-for-stm32.13.3.rel1.macos64_1.0.0.202411102158/tools/bin/../lib/gcc/arm-none-eabi/13.3.1/../../../../arm-none-eabi/lib/thumb/v7-m/nofp/libc_nano.a(libc_a-memset.o)
 .ARM.attributes
                0x00000449       0x2d /Applications/STM32CubeIDE.app/Contents/Eclipse/plugins/com.st.stm32cube.ide.mcu.externaltools.gnu-tools-for-stm32.13.3.rel1.macos64_1.0.0.202411102158/tools/bin/../lib/gcc/arm-none-eabi/13.3.1/../../../../arm-none-eabi/lib/thumb/v7-m/nofp/libc_nano.a(libc_a-errno.o)
 .ARM.attributes
                0x00000476       0x2d /Applications/STM32CubeIDE.app/Contents/Eclipse/plugins/com.st.stm32cube.ide.mcu.externaltools.gnu-tools-for-stm32.13.3.rel1.macos64_1.0.0.202411102158/tools/bin/../lib/gcc/arm-none-eabi/13.3.1/../../../../arm-none-eabi/lib/thumb/v7-m/nofp/libc_nano.a(libc_a-init.o)
 .ARM.attributes
                0x000004a3       0x2d /Applications/STM32CubeIDE.app/Contents/Eclipse/plugins/com.st.stm32cube.ide.mcu.externaltools.gnu-tools-for-stm32.13.3.rel1.macos64_1.0.0.202411102158/tools/bin/../lib/gcc/arm-none-eabi/13.3.1/../../../../arm-none-eabi/lib/thumb/v7-m/nofp/libc_nano.a(libc_a-lock.o)
 .ARM.attributes
                0x000004d0       0x2d /Applications/STM32CubeIDE.app/Contents/Eclipse/plugins/com.st.stm32cube.ide.mcu.externaltools.gnu-tools-for-stm32.13.3.rel1.macos64_1.0.0.202411102158/tools/bin/../lib/gcc/arm-none-eabi/13.3.1/../../../../arm-none-eabi/lib/thumb/v7-m/nofp/libc_nano.a(libc_a-impure.o)
 .ARM.attributes
                0x000004fd       0x2d /Applications/STM32CubeIDE.app/Contents/Eclipse/plugins/com.st.stm32cube.ide.mcu.externaltools.gnu-tools-for-stm32.13.3.rel1.macos64_1.0.0.202411102158/tools/bin/../lib/gcc/arm-none-eabi/13.3.1/../../../../arm-none-eabi/lib/thumb/v7-m/nofp/libc_nano.a(libm_a-sf_copysign.o)
 .ARM.attributes
                0x0000052a       0x2d /Applications/STM32CubeIDE.app/Contents/Eclipse/plugins/com.st.stm32cube.ide.mcu.externaltools.gnu-tools-for-stm32.13.3.rel1.macos64_1.0.0.202411102158/tools/bin/../lib/gcc/arm-none-eabi/13.3.1/../../../../arm-none-eabi/lib/thumb/v7-m/nofp/libc_nano.a(libc_a-mallocr.o)
 .ARM.attributes
                0x00000557       0x2d /Applications/STM32CubeIDE.app/Contents/Eclipse/plugins/com.st.stm32cube.ide.mcu.externaltools.gnu-tools-for-stm32.13.3.rel1.macos64_1.0.0.202411102158/tools/bin/../lib/gcc/arm-none-eabi/13.3.1/../../../../arm-none-eabi/lib/thumb/v7-m/nofp/libc_nano.a(libc_a-fflush.o)
 .ARM.attributes
                0x00000584       0x2d /Applications/STM32CubeIDE.app/Contents/Eclipse/plugins/com.st.stm32cube.ide.mcu.externaltools.gnu-tools-for-stm32.13.3.rel1.macos64_1.0.0.202411102158/tools/bin/../lib/gcc/arm-none-eabi/13.3.1/../../../../arm-none-eabi/lib/thumb/v7-m/nofp/libc_nano.a(libc_a-mlock.o)
 .ARM.attributes
                0x000005b1       0x2d /Applications/STM32CubeIDE.app/Contents/Eclipse/plugins/com.st.stm32cube.ide.mcu.externaltools.gnu-tools-for-stm32.13.3.rel1.macos64_1.0.0.202411102158/tools/bin/../lib/gcc/arm-none-eabi/13.3.1/../../../../arm-none-eabi/lib/thumb/v7-m/nofp/libc_nano.a(libc_a-stdio.o)
 .ARM.attributes
                0x000005de       0x2d /Applications/STM32CubeIDE.app/Contents/Eclipse/plugins/com.st.stm32cube.ide.mcu.externaltools.gnu-tools-for-stm32.13.3.rel1.macos64_1.0.0.202411102158/tools/bin/../lib/gcc/arm-none-eabi/13.3.1/../../../../arm-none-eabi/lib/thumb/v7-m/nofp/libc_nano.a(libc_a-wbuf.o)
 .ARM.attributes
                0x0000060b       0x2d /Applications/STM32CubeIDE.app/Contents/Eclipse/plugins/com.st.stm32cube.ide.mcu.externaltools.gnu-tools-for-stm32.13.3.rel1.macos64_1.0.0.202411102158/tools/bin/../lib/gcc/arm-none-eabi/13.3.1/../../../../arm-none-eabi/lib/thumb/v7-m/nofp/libc_nano.a(libc_a-wsetup.o)
 .ARM.attributes
                0x00000638       0x2d /Applications/STM32CubeIDE.app/Contents/Eclipse/plugins/com.st.stm32cube.ide.mcu.externaltools.gnu-tools-for-stm32.13.3.rel1.macos64_1.0.0.202411102158/tools/bin/../lib/gcc/arm-none-eabi/13.3.1/../../../../arm-none-eabi/lib/thumb/v7-m/nofp/libc_nano.a(libc_a-makebuf.o)
 .ARM.attributes
                0x00000665       0x2d /Applications/STM32CubeIDE.app/Contents/Eclipse/plugins/com.st.stm32cube.ide.mcu.externaltools.gnu-tools-for-stm32.13.3.rel1.macos64_1.0.0.202411102158/tools/bin/../lib/gcc/arm-none-eabi/13.3.1/../../../../arm-none-eabi/lib/thumb/v7-m/nofp/libc_nano.a(libc_a-isattyr.o)
 .ARM.attributes
                0x00000692       0x2d /Applications/STM32CubeIDE.app/Contents/Eclipse/plugins/com.st.stm32cube.ide.mcu.externaltools.gnu-tools-for-stm32.13.3.rel1.macos64_1.0.0.202411102158/tools/bin/../lib/gcc/arm-none-eabi/13.3.1/../../../../arm-none-eabi/lib/thumb/v7-m/nofp/libc_nano.a(libc_a-lseekr.o)
 .ARM.attributes
                0x000006bf       0x2d /Applications/STM32CubeIDE.app/Contents/Eclipse/plugins/com.st.stm32cube.ide.mcu.externaltools.gnu-tools-for-stm32.13.3.rel1.macos64_1.0.0.202411102158/tools/bin/../lib/gcc/arm-none-eabi/13.3.1/../../../../arm-none-eabi/lib/thumb/v7-m/nofp/libc_nano.a(libc_a-readr.o)
 .ARM.attributes
                0x000006ec       0x2d /Applications/STM32CubeIDE.app/Contents/Eclipse/plugins/com.st.stm32cube.ide.mcu.externaltools.gnu-tools-for-stm32.13.3.rel1.macos64_1.0.0.202411102158/tools/bin/../lib/gcc/arm-none-eabi/13.3.1/../../../../arm-none-eabi/lib/thumb/v7-m/nofp/libc_nano.a(libc_a-sbrkr.o)
 .ARM.attributes
                0x00000719       0x2d /Applications/STM32CubeIDE.app/Contents/Eclipse/plugins/com.st.stm32cube.ide.mcu.externaltools.gnu-tools-for-stm32.13.3.rel1.macos64_1.0.0.202411102158/tools/bin/../lib/gcc/arm-none-eabi/13.3.1/../../../../arm-none-eabi/lib/thumb/v7-m/nofp/libc_nano.a(libc_a-writer.o)
 .ARM.attributes
                0x00000746       0x2d /Applications/STM32CubeIDE.app/Contents/Eclipse/plugins/com.st.stm32cube.ide.mcu.externaltools.gnu-tools-for-stm32.13.3.rel1.macos64_1.0.0.202411102158/tools/bin/../lib/gcc/arm-none-eabi/13.3.1/../../../../arm-none-eabi/lib/thumb/v7-m/nofp/libc_nano.a(libc_a-closer.o)
 .ARM.attributes
                0x00000773       0x2d /Applications/STM32CubeIDE.app/Contents/Eclipse/plugins/com.st.stm32cube.ide.mcu.externaltools.gnu-tools-for-stm32.13.3.rel1.macos64_1.0.0.202411102158/tools/bin/../lib/gcc/arm-none-eabi/13.3.1/../../../../arm-none-eabi/lib/thumb/v7-m/nofp/libc_nano.a(libc_a-reent.o)
 .ARM.attributes
                0x000007a0       0x2d /Applications/STM32CubeIDE.app/Contents/Eclipse/plugins/com.st.stm32cube.ide.mcu.externaltools.gnu-tools-for-stm32.13.3.rel1.macos64_1.0.0.202411102158/tools/bin/../lib/gcc/arm-none-eabi/13.3.1/../../../../arm-none-eabi/lib/thumb/v7-m/nofp/libc_nano.a(libc_a-fstatr.o)
 .ARM.attributes
                0x000007cd       0x2d /Applications/STM32CubeIDE.app/Contents/Eclipse/plugins/com.st.stm32cube.ide.mcu.externaltools.gnu-tools-for-stm32.13.3.rel1.macos64_1.0.0.202411102158/tools/bin/../lib/gcc/arm-none-eabi/13.3.1/../../../../arm-none-eabi/lib/thumb/v7-m/nofp/libc_nano.a(libc_a-freer.o)
 .ARM.attributes
                0x000007fa       0x2d /Applications/STM32CubeIDE.app/Contents/Eclipse/plugins/com.st.stm32cube.ide.mcu.externaltools.gnu-tools-for-stm32.13.3.rel1.macos64_1.0.0.202411102158/tools/bin/../lib/gcc/arm-none-eabi/13.3.1/../../../../arm-none-eabi/lib/thumb/v7-m/nofp/libm.a(libm_a-wf_sqrt.o)
 .ARM.attributes
                0x00000827       0x2d /Applications/STM32CubeIDE.app/Contents/Eclipse/plugins/com.st.stm32cube.ide.mcu.externaltools.gnu-tools-for-stm32.13.3.rel1.macos64_1.0.0.202411102158/tools/bin/../lib/gcc/arm-none-eabi/13.3.1/../../../../arm-none-eabi/lib/thumb/v7-m/nofp/libm.a(libm_a-ef_sqrt.o)
 .ARM.attributes
                0x00000854       0x1d /Applications/STM32CubeIDE.app/Contents/Eclipse/plugins/com.st.stm32cube.ide.mcu.externaltools.gnu-tools-for-stm32.13.3.rel1.macos64_1.0.0.202411102158/tools/bin/../lib/gcc/arm-none-eabi/13.3.1/thumb/v7-m/nofp/libgcc.a(_arm_addsubsf3.o)
 .ARM.attributes
                0x00000871       0x1d /Applications/STM32CubeIDE.app/Contents/Eclipse/plugins/com.st.stm32cube.ide.mcu.externaltools.gnu-tools-for-stm32.13.3.rel1.macos64_1.0.0.202411102158/tools/bin/../lib/gcc/arm-none-eabi/13.3.1/thumb/v7-m/nofp/libgcc.a(_arm_muldivsf3.o)
 .ARM.attributes
                0x0000088e       0x1d /Applications/STM32CubeIDE.app/Contents/Eclipse/plugins/com.st.stm32cube.ide.mcu.externaltools.gnu-tools-for-stm32.13.3.rel1.macos64_1.0.0.202411102158/tools/bin/../lib/gcc/arm-none-eabi/13.3.1/thumb/v7-m/nofp/libgcc.a(_arm_cmpsf2.o)
 .ARM.attributes
                0x000008ab       0x1d /Applications/STM32CubeIDE.app/Contents/Eclipse/plugins/com.st.stm32cube.ide.mcu.externaltools.gnu-tools-for-stm32.13.3.rel1.macos64_1.0.0.202411102158/tools/bin/../lib/gcc/arm-none-eabi/13.3.1/thumb/v7-m/nofp/libgcc.a(_arm_unordsf2.o)
 .ARM.attributes
                0x000008c8       0x1d /Applications/STM32CubeIDE.app/Contents/Eclipse/plugins/com.st.stm32cube.ide.mcu.externaltools.gnu-tools-for-stm32.13.3.rel1.macos64_1.0.0.202411102158/tools/bin/../lib/gcc/arm-none-eabi/13.3.1/thumb/v7-m/nofp/crtn.o
OUTPUT(Pisunata_fixing.elf elf32-littlearm)
LOAD linker stubs
LOAD /Applications/STM32CubeIDE.app/Contents/Eclipse/plugins/com.st.stm32cube.ide.mcu.externaltools.gnu-tools-for-stm32.13.3.rel1.macos64_1.0.0.202411102158/tools/bin/../lib/gcc/arm-none-eabi/13.3.1/../../../../arm-none-eabi/lib/thumb/v7-m/nofp/libc.a
LOAD /Applications/STM32CubeIDE.app/Contents/Eclipse/plugins/com.st.stm32cube.ide.mcu.externaltools.gnu-tools-for-stm32.13.3.rel1.macos64_1.0.0.202411102158/tools/bin/../lib/gcc/arm-none-eabi/13.3.1/../../../../arm-none-eabi/lib/thumb/v7-m/nofp/libm.a
LOAD /Applications/STM32CubeIDE.app/Contents/Eclipse/plugins/com.st.stm32cube.ide.mcu.externaltools.gnu-tools-for-stm32.13.3.rel1.macos64_1.0.0.202411102158/tools/bin/../lib/gcc/arm-none-eabi/13.3.1/thumb/v7-m/nofp/libgcc.a

.debug_info     0x00000000     0xaf72
 .debug_info    0x00000000      0x29b ./Core/Src/gpio.o
 .debug_info    0x0000029b      0xd20 ./Core/Src/icm20948.o
 .debug_info    0x00000fbb      0x766 ./Core/Src/madgwick.o
 .debug_info    0x00001721      0xc95 ./Core/Src/main.o
 .debug_info    0x000023b6      0x7bc ./Core/Src/spi.o
 .debug_info    0x00002b72      0x1f1 ./Core/Src/stm32f1xx_hal_msp.o
 .debug_info    0x00002d63      0x5eb ./Core/Src/stm32f1xx_it.o
 .debug_info    0x0000334e      0x6a3 ./Core/Src/syscalls.o
 .debug_info    0x000039f1      0x168 ./Core/Src/sysmem.o
 .debug_info    0x00003b59      0x222 ./Core/Src/system_stm32f1xx.o
 .debug_info    0x00003d7b      0x90c ./Core/Src/usart.o
 .debug_info    0x00004687       0x30 ./Core/Startup/startup_stm32f103c6tx.o
 .debug_info    0x000046b7      0x6e6 ./Drivers/STM32F1xx_HAL_Driver/Src/stm32f1xx_hal.o
 .debug_info    0x00004d9d      0xa69 ./Drivers/STM32F1xx_HAL_Driver/Src/stm32f1xx_hal_cortex.o
 .debug_info    0x00005806      0x6d2 ./Drivers/STM32F1xx_HAL_Driver/Src/stm32f1xx_hal_dma.o
 .debug_info    0x00005ed8      0x5ab ./Drivers/STM32F1xx_HAL_Driver/Src/stm32f1xx_hal_gpio.o
 .debug_info    0x00006483      0x7d5 ./Drivers/STM32F1xx_HAL_Driver/Src/stm32f1xx_hal_rcc.o
 .debug_info    0x00006c58     0x142d ./Drivers/STM32F1xx_HAL_Driver/Src/stm32f1xx_hal_spi.o
 .debug_info    0x00008085     0x2eed ./Drivers/STM32F1xx_HAL_Driver/Src/stm32f1xx_hal_uart.o

.debug_abbrev   0x00000000     0x2382
 .debug_abbrev  0x00000000      0x13f ./Core/Src/gpio.o
 .debug_abbrev  0x0000013f      0x2cc ./Core/Src/icm20948.o
 .debug_abbrev  0x0000040b      0x1aa ./Core/Src/madgwick.o
 .debug_abbrev  0x000005b5      0x2c8 ./Core/Src/main.o
 .debug_abbrev  0x0000087d      0x1e7 ./Core/Src/spi.o
 .debug_abbrev  0x00000a64       0xdb ./Core/Src/stm32f1xx_hal_msp.o
 .debug_abbrev  0x00000b3f      0x176 ./Core/Src/stm32f1xx_it.o
 .debug_abbrev  0x00000cb5      0x1b6 ./Core/Src/syscalls.o
 .debug_abbrev  0x00000e6b       0xbc ./Core/Src/sysmem.o
 .debug_abbrev  0x00000f27      0x13f ./Core/Src/system_stm32f1xx.o
 .debug_abbrev  0x00001066      0x205 ./Core/Src/usart.o
 .debug_abbrev  0x0000126b       0x24 ./Core/Startup/startup_stm32f103c6tx.o
 .debug_abbrev  0x0000128f      0x201 ./Drivers/STM32F1xx_HAL_Driver/Src/stm32f1xx_hal.o
 .debug_abbrev  0x00001490      0x2f8 ./Drivers/STM32F1xx_HAL_Driver/Src/stm32f1xx_hal_cortex.o
 .debug_abbrev  0x00001788      0x20b ./Drivers/STM32F1xx_HAL_Driver/Src/stm32f1xx_hal_dma.o
 .debug_abbrev  0x00001993      0x1ca ./Drivers/STM32F1xx_HAL_Driver/Src/stm32f1xx_hal_gpio.o
 .debug_abbrev  0x00001b5d      0x2b3 ./Drivers/STM32F1xx_HAL_Driver/Src/stm32f1xx_hal_rcc.o
 .debug_abbrev  0x00001e10      0x27a ./Drivers/STM32F1xx_HAL_Driver/Src/stm32f1xx_hal_spi.o
 .debug_abbrev  0x0000208a      0x2f8 ./Drivers/STM32F1xx_HAL_Driver/Src/stm32f1xx_hal_uart.o

.debug_aranges  0x00000000      0xaa8
 .debug_aranges
                0x00000000       0x20 ./Core/Src/gpio.o
 .debug_aranges
                0x00000020       0x80 ./Core/Src/icm20948.o
 .debug_aranges
                0x000000a0       0x90 ./Core/Src/madgwick.o
 .debug_aranges
                0x00000130       0x58 ./Core/Src/main.o
 .debug_aranges
                0x00000188       0x30 ./Core/Src/spi.o
 .debug_aranges
                0x000001b8       0x20 ./Core/Src/stm32f1xx_hal_msp.o
 .debug_aranges
                0x000001d8       0x68 ./Core/Src/stm32f1xx_it.o
 .debug_aranges
                0x00000240       0xa8 ./Core/Src/syscalls.o
 .debug_aranges
                0x000002e8       0x20 ./Core/Src/sysmem.o
 .debug_aranges
                0x00000308       0x28 ./Core/Src/system_stm32f1xx.o
 .debug_aranges
                0x00000330       0x30 ./Core/Src/usart.o
 .debug_aranges
                0x00000360       0x28 ./Core/Startup/startup_stm32f103c6tx.o
 .debug_aranges
                0x00000388       0xe0 ./Drivers/STM32F1xx_HAL_Driver/Src/stm32f1xx_hal.o
 .debug_aranges
                0x00000468      0x100 ./Drivers/STM32F1xx_HAL_Driver/Src/stm32f1xx_hal_cortex.o
 .debug_aranges
                0x00000568       0x80 ./Drivers/STM32F1xx_HAL_Driver/Src/stm32f1xx_hal_dma.o
 .debug_aranges
                0x000005e8       0x58 ./Drivers/STM32F1xx_HAL_Driver/Src/stm32f1xx_hal_gpio.o
 .debug_aranges
                0x00000640       0x90 ./Drivers/STM32F1xx_HAL_Driver/Src/stm32f1xx_hal_rcc.o
 .debug_aranges
                0x000006d0      0x1d0 ./Drivers/STM32F1xx_HAL_Driver/Src/stm32f1xx_hal_spi.o
 .debug_aranges
                0x000008a0      0x208 ./Drivers/STM32F1xx_HAL_Driver/Src/stm32f1xx_hal_uart.o

.debug_rnglists
                0x00000000      0x81a
 .debug_rnglists
                0x00000000       0x14 ./Core/Src/gpio.o
 .debug_rnglists
                0x00000014       0x62 ./Core/Src/icm20948.o
 .debug_rnglists
                0x00000076       0x71 ./Core/Src/madgwick.o
 .debug_rnglists
                0x000000e7       0x41 ./Core/Src/main.o
 .debug_rnglists
                0x00000128       0x20 ./Core/Src/spi.o
 .debug_rnglists
                0x00000148       0x13 ./Core/Src/stm32f1xx_hal_msp.o
 .debug_rnglists
                0x0000015b       0x49 ./Core/Src/stm32f1xx_it.o
 .debug_rnglists
                0x000001a4       0x79 ./Core/Src/syscalls.o
 .debug_rnglists
                0x0000021d       0x13 ./Core/Src/sysmem.o
 .debug_rnglists
                0x00000230       0x1a ./Core/Src/system_stm32f1xx.o
 .debug_rnglists
                0x0000024a       0x20 ./Core/Src/usart.o
 .debug_rnglists
                0x0000026a       0x19 ./Core/Startup/startup_stm32f103c6tx.o
 .debug_rnglists
                0x00000283       0xa3 ./Drivers/STM32F1xx_HAL_Driver/Src/stm32f1xx_hal.o
 .debug_rnglists
                0x00000326       0xbb ./Drivers/STM32F1xx_HAL_Driver/Src/stm32f1xx_hal_cortex.o
 .debug_rnglists
                0x000003e1       0x64 ./Drivers/STM32F1xx_HAL_Driver/Src/stm32f1xx_hal_dma.o
 .debug_rnglists
                0x00000445       0x3f ./Drivers/STM32F1xx_HAL_Driver/Src/stm32f1xx_hal_gpio.o
 .debug_rnglists
                0x00000484       0x6c ./Drivers/STM32F1xx_HAL_Driver/Src/stm32f1xx_hal_rcc.o
 .debug_rnglists
                0x000004f0      0x16e ./Drivers/STM32F1xx_HAL_Driver/Src/stm32f1xx_hal_spi.o
 .debug_rnglists
                0x0000065e      0x1bc ./Drivers/STM32F1xx_HAL_Driver/Src/stm32f1xx_hal_uart.o

.debug_macro    0x00000000    0x188a9
 .debug_macro   0x00000000      0x1af ./Core/Src/gpio.o
 .debug_macro   0x000001af      0xacc ./Core/Src/gpio.o
 .debug_macro   0x00000c7b      0x21b ./Core/Src/gpio.o
 .debug_macro   0x00000e96       0x2e ./Core/Src/gpio.o
 .debug_macro   0x00000ec4       0x22 ./Core/Src/gpio.o
 .debug_macro   0x00000ee6       0x22 ./Core/Src/gpio.o
 .debug_macro   0x00000f08       0x8e ./Core/Src/gpio.o
 .debug_macro   0x00000f96       0x51 ./Core/Src/gpio.o
 .debug_macro   0x00000fe7      0x103 ./Core/Src/gpio.o
 .debug_macro   0x000010ea       0x6a ./Core/Src/gpio.o
 .debug_macro   0x00001154      0x1df ./Core/Src/gpio.o
 .debug_macro   0x00001333       0x1c ./Core/Src/gpio.o
 .debug_macro   0x0000134f       0x22 ./Core/Src/gpio.o
 .debug_macro   0x00001371       0xbd ./Core/Src/gpio.o
 .debug_macro   0x0000142e      0xd23 ./Core/Src/gpio.o
 .debug_macro   0x00002151     0xde75 ./Core/Src/gpio.o
 .debug_macro   0x0000ffc6       0x6d ./Core/Src/gpio.o
 .debug_macro   0x00010033     0x34a2 ./Core/Src/gpio.o
 .debug_macro   0x000134d5      0x190 ./Core/Src/gpio.o
 .debug_macro   0x00013665       0x5c ./Core/Src/gpio.o
 .debug_macro   0x000136c1      0x5bc ./Core/Src/gpio.o
 .debug_macro   0x00013c7d      0x1b7 ./Core/Src/gpio.o
 .debug_macro   0x00013e34      0x1cb ./Core/Src/gpio.o
 .debug_macro   0x00013fff      0x114 ./Core/Src/gpio.o
 .debug_macro   0x00014113      0x1b2 ./Core/Src/gpio.o
 .debug_macro   0x000142c5       0x27 ./Core/Src/gpio.o
 .debug_macro   0x000142ec      0x12f ./Core/Src/gpio.o
 .debug_macro   0x0001441b      0x1bc ./Core/Src/gpio.o
 .debug_macro   0x000145d7       0x34 ./Core/Src/gpio.o
 .debug_macro   0x0001460b       0x3c ./Core/Src/gpio.o
 .debug_macro   0x00014647       0x57 ./Core/Src/gpio.o
 .debug_macro   0x0001469e       0x87 ./Core/Src/gpio.o
 .debug_macro   0x00014725      0x183 ./Core/Src/gpio.o
 .debug_macro   0x000148a8      0x140 ./Core/Src/gpio.o
 .debug_macro   0x000149e8      0x217 ./Core/Src/gpio.o
 .debug_macro   0x00014bff      0x28e ./Core/Src/gpio.o
 .debug_macro   0x00014e8d       0x69 ./Core/Src/gpio.o
 .debug_macro   0x00014ef6       0x1c ./Core/Src/gpio.o
 .debug_macro   0x00014f12      0x1cd ./Core/Src/icm20948.o
 .debug_macro   0x000150df       0x22 ./Core/Src/icm20948.o
 .debug_macro   0x00015101      0x2bc ./Core/Src/icm20948.o
 .debug_macro   0x000153bd      0x28e ./Core/Src/madgwick.o
 .debug_macro   0x0001564b       0x61 ./Core/Src/madgwick.o
 .debug_macro   0x000156ac       0x24 ./Core/Src/madgwick.o
 .debug_macro   0x000156d0       0x43 ./Core/Src/madgwick.o
 .debug_macro   0x00015713       0x34 ./Core/Src/madgwick.o
 .debug_macro   0x00015747      0x370 ./Core/Src/madgwick.o
 .debug_macro   0x00015ab7       0x16 ./Core/Src/madgwick.o
 .debug_macro   0x00015acd       0x4a ./Core/Src/madgwick.o
 .debug_macro   0x00015b17       0x34 ./Core/Src/madgwick.o
 .debug_macro   0x00015b4b       0x10 ./Core/Src/madgwick.o
 .debug_macro   0x00015b5b       0x58 ./Core/Src/madgwick.o
 .debug_macro   0x00015bb3       0x8e ./Core/Src/madgwick.o
 .debug_macro   0x00015c41       0x1c ./Core/Src/madgwick.o
 .debug_macro   0x00015c5d      0x185 ./Core/Src/madgwick.o
 .debug_macro   0x00015de2      0x19b ./Core/Src/madgwick.o
 .debug_macro   0x00015f7d      0x312 ./Core/Src/main.o
 .debug_macro   0x0001628f       0x16 ./Core/Src/main.o
 .debug_macro   0x000162a5       0x3c ./Core/Src/main.o
 .debug_macro   0x000162e1       0x10 ./Core/Src/main.o
 .debug_macro   0x000162f1       0x16 ./Core/Src/main.o
 .debug_macro   0x00016307       0x16 ./Core/Src/main.o
 .debug_macro   0x0001631d      0x146 ./Core/Src/main.o
 .debug_macro   0x00016463       0x16 ./Core/Src/main.o
 .debug_macro   0x00016479       0x20 ./Core/Src/main.o
 .debug_macro   0x00016499      0x1af ./Core/Src/spi.o
 .debug_macro   0x00016648      0x1a5 ./Core/Src/stm32f1xx_hal_msp.o
 .debug_macro   0x000167ed      0x1af ./Core/Src/stm32f1xx_it.o
 .debug_macro   0x0001699c      0x274 ./Core/Src/syscalls.o
 .debug_macro   0x00016c10       0x5b ./Core/Src/syscalls.o
 .debug_macro   0x00016c6b       0x94 ./Core/Src/syscalls.o
 .debug_macro   0x00016cff       0x57 ./Core/Src/syscalls.o
 .debug_macro   0x00016d56       0x10 ./Core/Src/syscalls.o
 .debug_macro   0x00016d66       0x10 ./Core/Src/syscalls.o
 .debug_macro   0x00016d76       0x10 ./Core/Src/syscalls.o
 .debug_macro   0x00016d86       0x10 ./Core/Src/syscalls.o
 .debug_macro   0x00016d96       0x1c ./Core/Src/syscalls.o
 .debug_macro   0x00016db2       0x52 ./Core/Src/syscalls.o
 .debug_macro   0x00016e04       0x22 ./Core/Src/syscalls.o
 .debug_macro   0x00016e26       0x10 ./Core/Src/syscalls.o
 .debug_macro   0x00016e36       0x52 ./Core/Src/syscalls.o
 .debug_macro   0x00016e88       0xcf ./Core/Src/syscalls.o
 .debug_macro   0x00016f57       0x1c ./Core/Src/syscalls.o
 .debug_macro   0x00016f73       0x3d ./Core/Src/syscalls.o
 .debug_macro   0x00016fb0       0x35 ./Core/Src/syscalls.o
 .debug_macro   0x00016fe5      0x12c ./Core/Src/syscalls.o
 .debug_macro   0x00017111       0x16 ./Core/Src/syscalls.o
 .debug_macro   0x00017127       0x16 ./Core/Src/syscalls.o
 .debug_macro   0x0001713d       0x29 ./Core/Src/syscalls.o
 .debug_macro   0x00017166       0x10 ./Core/Src/syscalls.o
 .debug_macro   0x00017176      0x242 ./Core/Src/syscalls.o
 .debug_macro   0x000173b8       0x1c ./Core/Src/syscalls.o
 .debug_macro   0x000173d4       0x10 ./Core/Src/syscalls.o
 .debug_macro   0x000173e4      0x18a ./Core/Src/syscalls.o
 .debug_macro   0x0001756e       0x16 ./Core/Src/syscalls.o
 .debug_macro   0x00017584       0xce ./Core/Src/syscalls.o
 .debug_macro   0x00017652      0x112 ./Core/Src/sysmem.o
 .debug_macro   0x00017764      0x23c ./Core/Src/sysmem.o
 .debug_macro   0x000179a0      0x196 ./Core/Src/system_stm32f1xx.o
 .debug_macro   0x00017b36      0x1af ./Core/Src/usart.o
 .debug_macro   0x00017ce5      0x1ba ./Drivers/STM32F1xx_HAL_Driver/Src/stm32f1xx_hal.o
 .debug_macro   0x00017e9f      0x196 ./Drivers/STM32F1xx_HAL_Driver/Src/stm32f1xx_hal_cortex.o
 .debug_macro   0x00018035      0x196 ./Drivers/STM32F1xx_HAL_Driver/Src/stm32f1xx_hal_dma.o
 .debug_macro   0x000181cb      0x201 ./Drivers/STM32F1xx_HAL_Driver/Src/stm32f1xx_hal_gpio.o
 .debug_macro   0x000183cc      0x1a8 ./Drivers/STM32F1xx_HAL_Driver/Src/stm32f1xx_hal_rcc.o
 .debug_macro   0x00018574      0x19e ./Drivers/STM32F1xx_HAL_Driver/Src/stm32f1xx_hal_spi.o
 .debug_macro   0x00018712      0x197 ./Drivers/STM32F1xx_HAL_Driver/Src/stm32f1xx_hal_uart.o

.debug_line     0x00000000     0xd2ea
 .debug_line    0x00000000      0x693 ./Core/Src/gpio.o
 .debug_line    0x00000693      0xb38 ./Core/Src/icm20948.o
 .debug_line    0x000011cb      0xe4b ./Core/Src/madgwick.o
 .debug_line    0x00002016      0x9d0 ./Core/Src/main.o
 .debug_line    0x000029e6      0x6f3 ./Core/Src/spi.o
 .debug_line    0x000030d9      0x678 ./Core/Src/stm32f1xx_hal_msp.o
 .debug_line    0x00003751      0x73e ./Core/Src/stm32f1xx_it.o
 .debug_line    0x00003e8f      0x845 ./Core/Src/syscalls.o
 .debug_line    0x000046d4      0x521 ./Core/Src/sysmem.o
 .debug_line    0x00004bf5      0x6f6 ./Core/Src/system_stm32f1xx.o
 .debug_line    0x000052eb      0x6ee ./Core/Src/usart.o
 .debug_line    0x000059d9       0x78 ./Core/Startup/startup_stm32f103c6tx.o
 .debug_line    0x00005a51      0x927 ./Drivers/STM32F1xx_HAL_Driver/Src/stm32f1xx_hal.o
 .debug_line    0x00006378      0xaf1 ./Drivers/STM32F1xx_HAL_Driver/Src/stm32f1xx_hal_cortex.o
 .debug_line    0x00006e69      0xd31 ./Drivers/STM32F1xx_HAL_Driver/Src/stm32f1xx_hal_dma.o
 .debug_line    0x00007b9a      0x96f ./Drivers/STM32F1xx_HAL_Driver/Src/stm32f1xx_hal_gpio.o
 .debug_line    0x00008509      0xde0 ./Drivers/STM32F1xx_HAL_Driver/Src/stm32f1xx_hal_rcc.o
 .debug_line    0x000092e9     0x1bbe ./Drivers/STM32F1xx_HAL_Driver/Src/stm32f1xx_hal_spi.o
 .debug_line    0x0000aea7     0x2443 ./Drivers/STM32F1xx_HAL_Driver/Src/stm32f1xx_hal_uart.o

.debug_str      0x00000000    0x84e9b
 .debug_str     0x00000000    0x84e9b ./Core/Src/gpio.o
                              0x7bbc5 (size before relaxing)
 .debug_str     0x00084e9b    0x7cc98 ./Core/Src/icm20948.o
 .debug_str     0x00084e9b    0x800db ./Core/Src/madgwick.o
 .debug_str     0x00084e9b    0x80d69 ./Core/Src/main.o
 .debug_str     0x00084e9b    0x7bfd6 ./Core/Src/spi.o
 .debug_str     0x00084e9b    0x7bb4d ./Core/Src/stm32f1xx_hal_msp.o
 .debug_str     0x00084e9b    0x7bf9d ./Core/Src/stm32f1xx_it.o
 .debug_str     0x00084e9b     0x999d ./Core/Src/syscalls.o
 .debug_str     0x00084e9b     0x773b ./Core/Src/sysmem.o
 .debug_str     0x00084e9b    0x7bb21 ./Core/Src/system_stm32f1xx.o
 .debug_str     0x00084e9b    0x7c2ee ./Core/Src/usart.o
 .debug_str     0x00084e9b       0x95 ./Core/Startup/startup_stm32f103c6tx.o
 .debug_str     0x00084e9b    0x7c21a ./Drivers/STM32F1xx_HAL_Driver/Src/stm32f1xx_hal.o
 .debug_str     0x00084e9b    0x7c166 ./Drivers/STM32F1xx_HAL_Driver/Src/stm32f1xx_hal_cortex.o
 .debug_str     0x00084e9b    0x7beca ./Drivers/STM32F1xx_HAL_Driver/Src/stm32f1xx_hal_dma.o
 .debug_str     0x00084e9b    0x7bea7 ./Drivers/STM32F1xx_HAL_Driver/Src/stm32f1xx_hal_gpio.o
 .debug_str     0x00084e9b    0x7bf50 ./Drivers/STM32F1xx_HAL_Driver/Src/stm32f1xx_hal_rcc.o
 .debug_str     0x00084e9b    0x7c447 ./Drivers/STM32F1xx_HAL_Driver/Src/stm32f1xx_hal_spi.o
 .debug_str     0x00084e9b    0x7c5c1 ./Drivers/STM32F1xx_HAL_Driver/Src/stm32f1xx_hal_uart.o

.comment        0x00000000       0x43
 .comment       0x00000000       0x43 ./Core/Src/gpio.o
                                 0x44 (size before relaxing)
 .comment       0x00000043       0x44 ./Core/Src/icm20948.o
 .comment       0x00000043       0x44 ./Core/Src/madgwick.o
 .comment       0x00000043       0x44 ./Core/Src/main.o
 .comment       0x00000043       0x44 ./Core/Src/spi.o
 .comment       0x00000043       0x44 ./Core/Src/stm32f1xx_hal_msp.o
 .comment       0x00000043       0x44 ./Core/Src/stm32f1xx_it.o
 .comment       0x00000043       0x44 ./Core/Src/syscalls.o
 .comment       0x00000043       0x44 ./Core/Src/sysmem.o
 .comment       0x00000043       0x44 ./Core/Src/system_stm32f1xx.o
 .comment       0x00000043       0x44 ./Core/Src/usart.o
 .comment       0x00000043       0x44 ./Drivers/STM32F1xx_HAL_Driver/Src/stm32f1xx_hal.o
 .comment       0x00000043       0x44 ./Drivers/STM32F1xx_HAL_Driver/Src/stm32f1xx_hal_cortex.o
 .comment       0x00000043       0x44 ./Drivers/STM32F1xx_HAL_Driver/Src/stm32f1xx_hal_dma.o
 .comment       0x00000043       0x44 ./Drivers/STM32F1xx_HAL_Driver/Src/stm32f1xx_hal_gpio.o
 .comment       0x00000043       0x44 ./Drivers/STM32F1xx_HAL_Driver/Src/stm32f1xx_hal_rcc.o
 .comment       0x00000043       0x44 ./Drivers/STM32F1xx_HAL_Driver/Src/stm32f1xx_hal_spi.o
 .comment       0x00000043       0x44 ./Drivers/STM32F1xx_HAL_Driver/Src/stm32f1xx_hal_uart.o

.debug_frame    0x00000000     0x31c0
 .debug_frame   0x00000000       0x34 ./Core/Src/gpio.o
 .debug_frame   0x00000034      0x1e4 ./Core/Src/icm20948.o
 .debug_frame   0x00000218      0x258 ./Core/Src/madgwick.o
 .debug_frame   0x00000470      0x120 ./Core/Src/main.o
 .debug_frame   0x00000590       0x74 ./Core/Src/spi.o
 .debug_frame   0x00000604       0x38 ./Core/Src/stm32f1xx_hal_msp.o
 .debug_frame   0x0000063c      0x120 ./Core/Src/stm32f1xx_it.o
 .debug_frame   0x0000075c      0x2ac ./Core/Src/syscalls.o
 .debug_frame   0x00000a08       0x34 ./Core/Src/sysmem.o
 .debug_frame   0x00000a3c       0x58 ./Core/Src/system_stm32f1xx.o
 .debug_frame   0x00000a94       0x74 ./Core/Src/usart.o
 .debug_frame   0x00000b08      0x334 ./Drivers/STM32F1xx_HAL_Driver/Src/stm32f1xx_hal.o
 .debug_frame   0x00000e3c      0x428 ./Drivers/STM32F1xx_HAL_Driver/Src/stm32f1xx_hal_cortex.o
 .debug_frame   0x00001264      0x208 ./Drivers/STM32F1xx_HAL_Driver/Src/stm32f1xx_hal_dma.o
 .debug_frame   0x0000146c      0x14c ./Drivers/STM32F1xx_HAL_Driver/Src/stm32f1xx_hal_gpio.o
 .debug_frame   0x000015b8      0x218 ./Drivers/STM32F1xx_HAL_Driver/Src/stm32f1xx_hal_rcc.o
 .debug_frame   0x000017d0      0x824 ./Drivers/STM32F1xx_HAL_Driver/Src/stm32f1xx_hal_spi.o
 .debug_frame   0x00001ff4      0x944 ./Drivers/STM32F1xx_HAL_Driver/Src/stm32f1xx_hal_uart.o
 .debug_frame   0x00002938      0x144 /Applications/STM32CubeIDE.app/Contents/Eclipse/plugins/com.st.stm32cube.ide.mcu.externaltools.gnu-tools-for-stm32.13.3.rel1.macos64_1.0.0.202411102158/tools/bin/../lib/gcc/arm-none-eabi/13.3.1/../../../../arm-none-eabi/lib/thumb/v7-m/nofp/libc_nano.a(libc_a-findfp.o)
 .debug_frame   0x00002a7c       0x34 /Applications/STM32CubeIDE.app/Contents/Eclipse/plugins/com.st.stm32cube.ide.mcu.externaltools.gnu-tools-for-stm32.13.3.rel1.macos64_1.0.0.202411102158/tools/bin/../lib/gcc/arm-none-eabi/13.3.1/../../../../arm-none-eabi/lib/thumb/v7-m/nofp/libc_nano.a(libc_a-fwalk.o)
 .debug_frame   0x00002ab0       0x3c /Applications/STM32CubeIDE.app/Contents/Eclipse/plugins/com.st.stm32cube.ide.mcu.externaltools.gnu-tools-for-stm32.13.3.rel1.macos64_1.0.0.202411102158/tools/bin/../lib/gcc/arm-none-eabi/13.3.1/../../../../arm-none-eabi/lib/thumb/v7-m/nofp/libc_nano.a(libc_a-puts.o)
 .debug_frame   0x00002aec       0x20 /Applications/STM32CubeIDE.app/Contents/Eclipse/plugins/com.st.stm32cube.ide.mcu.externaltools.gnu-tools-for-stm32.13.3.rel1.macos64_1.0.0.202411102158/tools/bin/../lib/gcc/arm-none-eabi/13.3.1/../../../../arm-none-eabi/lib/thumb/v7-m/nofp/libc_nano.a(libc_a-memset.o)
 .debug_frame   0x00002b0c       0x20 /Applications/STM32CubeIDE.app/Contents/Eclipse/plugins/com.st.stm32cube.ide.mcu.externaltools.gnu-tools-for-stm32.13.3.rel1.macos64_1.0.0.202411102158/tools/bin/../lib/gcc/arm-none-eabi/13.3.1/../../../../arm-none-eabi/lib/thumb/v7-m/nofp/libc_nano.a(libc_a-errno.o)
 .debug_frame   0x00002b2c       0x2c /Applications/STM32CubeIDE.app/Contents/Eclipse/plugins/com.st.stm32cube.ide.mcu.externaltools.gnu-tools-for-stm32.13.3.rel1.macos64_1.0.0.202411102158/tools/bin/../lib/gcc/arm-none-eabi/13.3.1/../../../../arm-none-eabi/lib/thumb/v7-m/nofp/libc_nano.a(libc_a-init.o)
 .debug_frame   0x00002b58       0xb0 /Applications/STM32CubeIDE.app/Contents/Eclipse/plugins/com.st.stm32cube.ide.mcu.externaltools.gnu-tools-for-stm32.13.3.rel1.macos64_1.0.0.202411102158/tools/bin/../lib/gcc/arm-none-eabi/13.3.1/../../../../arm-none-eabi/lib/thumb/v7-m/nofp/libc_nano.a(libc_a-lock.o)
 .debug_frame   0x00002c08       0x20 /Applications/STM32CubeIDE.app/Contents/Eclipse/plugins/com.st.stm32cube.ide.mcu.externaltools.gnu-tools-for-stm32.13.3.rel1.macos64_1.0.0.202411102158/tools/bin/../lib/gcc/arm-none-eabi/13.3.1/../../../../arm-none-eabi/lib/thumb/v7-m/nofp/libc_nano.a(libm_a-sf_copysign.o)
 .debug_frame   0x00002c28       0x50 /Applications/STM32CubeIDE.app/Contents/Eclipse/plugins/com.st.stm32cube.ide.mcu.externaltools.gnu-tools-for-stm32.13.3.rel1.macos64_1.0.0.202411102158/tools/bin/../lib/gcc/arm-none-eabi/13.3.1/../../../../arm-none-eabi/lib/thumb/v7-m/nofp/libc_nano.a(libc_a-mallocr.o)
 .debug_frame   0x00002c78       0x5c /Applications/STM32CubeIDE.app/Contents/Eclipse/plugins/com.st.stm32cube.ide.mcu.externaltools.gnu-tools-for-stm32.13.3.rel1.macos64_1.0.0.202411102158/tools/bin/../lib/gcc/arm-none-eabi/13.3.1/../../../../arm-none-eabi/lib/thumb/v7-m/nofp/libc_nano.a(libc_a-fflush.o)
 .debug_frame   0x00002cd4       0x30 /Applications/STM32CubeIDE.app/Contents/Eclipse/plugins/com.st.stm32cube.ide.mcu.externaltools.gnu-tools-for-stm32.13.3.rel1.macos64_1.0.0.202411102158/tools/bin/../lib/gcc/arm-none-eabi/13.3.1/../../../../arm-none-eabi/lib/thumb/v7-m/nofp/libc_nano.a(libc_a-mlock.o)
 .debug_frame   0x00002d04       0x88 /Applications/STM32CubeIDE.app/Contents/Eclipse/plugins/com.st.stm32cube.ide.mcu.externaltools.gnu-tools-for-stm32.13.3.rel1.macos64_1.0.0.202411102158/tools/bin/../lib/gcc/arm-none-eabi/13.3.1/../../../../arm-none-eabi/lib/thumb/v7-m/nofp/libc_nano.a(libc_a-stdio.o)
 .debug_frame   0x00002d8c       0x40 /Applications/STM32CubeIDE.app/Contents/Eclipse/plugins/com.st.stm32cube.ide.mcu.externaltools.gnu-tools-for-stm32.13.3.rel1.macos64_1.0.0.202411102158/tools/bin/../lib/gcc/arm-none-eabi/13.3.1/../../../../arm-none-eabi/lib/thumb/v7-m/nofp/libc_nano.a(libc_a-wbuf.o)
 .debug_frame   0x00002dcc       0x2c /Applications/STM32CubeIDE.app/Contents/Eclipse/plugins/com.st.stm32cube.ide.mcu.externaltools.gnu-tools-for-stm32.13.3.rel1.macos64_1.0.0.202411102158/tools/bin/../lib/gcc/arm-none-eabi/13.3.1/../../../../arm-none-eabi/lib/thumb/v7-m/nofp/libc_nano.a(libc_a-wsetup.o)
 .debug_frame   0x00002df8       0x58 /Applications/STM32CubeIDE.app/Contents/Eclipse/plugins/com.st.stm32cube.ide.mcu.externaltools.gnu-tools-for-stm32.13.3.rel1.macos64_1.0.0.202411102158/tools/bin/../lib/gcc/arm-none-eabi/13.3.1/../../../../arm-none-eabi/lib/thumb/v7-m/nofp/libc_nano.a(libc_a-makebuf.o)
 .debug_frame   0x00002e50       0x2c /Applications/STM32CubeIDE.app/Contents/Eclipse/plugins/com.st.stm32cube.ide.mcu.externaltools.gnu-tools-for-stm32.13.3.rel1.macos64_1.0.0.202411102158/tools/bin/../lib/gcc/arm-none-eabi/13.3.1/../../../../arm-none-eabi/lib/thumb/v7-m/nofp/libc_nano.a(libc_a-isattyr.o)
 .debug_frame   0x00002e7c       0x2c /Applications/STM32CubeIDE.app/Contents/Eclipse/plugins/com.st.stm32cube.ide.mcu.externaltools.gnu-tools-for-stm32.13.3.rel1.macos64_1.0.0.202411102158/tools/bin/../lib/gcc/arm-none-eabi/13.3.1/../../../../arm-none-eabi/lib/thumb/v7-m/nofp/libc_nano.a(libc_a-lseekr.o)
 .debug_frame   0x00002ea8       0x2c /Applications/STM32CubeIDE.app/Contents/Eclipse/plugins/com.st.stm32cube.ide.mcu.externaltools.gnu-tools-for-stm32.13.3.rel1.macos64_1.0.0.202411102158/tools/bin/../lib/gcc/arm-none-eabi/13.3.1/../../../../arm-none-eabi/lib/thumb/v7-m/nofp/libc_nano.a(libc_a-readr.o)
 .debug_frame   0x00002ed4       0x2c /Applications/STM32CubeIDE.app/Contents/Eclipse/plugins/com.st.stm32cube.ide.mcu.externaltools.gnu-tools-for-stm32.13.3.rel1.macos64_1.0.0.202411102158/tools/bin/../lib/gcc/arm-none-eabi/13.3.1/../../../../arm-none-eabi/lib/thumb/v7-m/nofp/libc_nano.a(libc_a-sbrkr.o)
 .debug_frame   0x00002f00       0x2c /Applications/STM32CubeIDE.app/Contents/Eclipse/plugins/com.st.stm32cube.ide.mcu.externaltools.gnu-tools-for-stm32.13.3.rel1.macos64_1.0.0.202411102158/tools/bin/../lib/gcc/arm-none-eabi/13.3.1/../../../../arm-none-eabi/lib/thumb/v7-m/nofp/libc_nano.a(libc_a-writer.o)
 .debug_frame   0x00002f2c       0x2c /Applications/STM32CubeIDE.app/Contents/Eclipse/plugins/com.st.stm32cube.ide.mcu.externaltools.gnu-tools-for-stm32.13.3.rel1.macos64_1.0.0.202411102158/tools/bin/../lib/gcc/arm-none-eabi/13.3.1/../../../../arm-none-eabi/lib/thumb/v7-m/nofp/libc_nano.a(libc_a-closer.o)
 .debug_frame   0x00002f58       0x38 /Applications/STM32CubeIDE.app/Contents/Eclipse/plugins/com.st.stm32cube.ide.mcu.externaltools.gnu-tools-for-stm32.13.3.rel1.macos64_1.0.0.202411102158/tools/bin/../lib/gcc/arm-none-eabi/13.3.1/../../../../arm-none-eabi/lib/thumb/v7-m/nofp/libc_nano.a(libc_a-reent.o)
 .debug_frame   0x00002f90       0x2c /Applications/STM32CubeIDE.app/Contents/Eclipse/plugins/com.st.stm32cube.ide.mcu.externaltools.gnu-tools-for-stm32.13.3.rel1.macos64_1.0.0.202411102158/tools/bin/../lib/gcc/arm-none-eabi/13.3.1/../../../../arm-none-eabi/lib/thumb/v7-m/nofp/libc_nano.a(libc_a-fstatr.o)
 .debug_frame   0x00002fbc       0x38 /Applications/STM32CubeIDE.app/Contents/Eclipse/plugins/com.st.stm32cube.ide.mcu.externaltools.gnu-tools-for-stm32.13.3.rel1.macos64_1.0.0.202411102158/tools/bin/../lib/gcc/arm-none-eabi/13.3.1/../../../../arm-none-eabi/lib/thumb/v7-m/nofp/libc_nano.a(libc_a-freer.o)
 .debug_frame   0x00002ff4       0x2c /Applications/STM32CubeIDE.app/Contents/Eclipse/plugins/com.st.stm32cube.ide.mcu.externaltools.gnu-tools-for-stm32.13.3.rel1.macos64_1.0.0.202411102158/tools/bin/../lib/gcc/arm-none-eabi/13.3.1/../../../../arm-none-eabi/lib/thumb/v7-m/nofp/libm.a(libm_a-wf_sqrt.o)
 .debug_frame   0x00003020       0x30 /Applications/STM32CubeIDE.app/Contents/Eclipse/plugins/com.st.stm32cube.ide.mcu.externaltools.gnu-tools-for-stm32.13.3.rel1.macos64_1.0.0.202411102158/tools/bin/../lib/gcc/arm-none-eabi/13.3.1/../../../../arm-none-eabi/lib/thumb/v7-m/nofp/libm.a(libm_a-ef_sqrt.o)
 .debug_frame   0x00003050       0x4c /Applications/STM32CubeIDE.app/Contents/Eclipse/plugins/com.st.stm32cube.ide.mcu.externaltools.gnu-tools-for-stm32.13.3.rel1.macos64_1.0.0.202411102158/tools/bin/../lib/gcc/arm-none-eabi/13.3.1/thumb/v7-m/nofp/libgcc.a(_arm_addsubsf3.o)
 .debug_frame   0x0000309c       0x38 /Applications/STM32CubeIDE.app/Contents/Eclipse/plugins/com.st.stm32cube.ide.mcu.externaltools.gnu-tools-for-stm32.13.3.rel1.macos64_1.0.0.202411102158/tools/bin/../lib/gcc/arm-none-eabi/13.3.1/thumb/v7-m/nofp/libgcc.a(_arm_muldivsf3.o)
 .debug_frame   0x000030d4       0xc8 /Applications/STM32CubeIDE.app/Contents/Eclipse/plugins/com.st.stm32cube.ide.mcu.externaltools.gnu-tools-for-stm32.13.3.rel1.macos64_1.0.0.202411102158/tools/bin/../lib/gcc/arm-none-eabi/13.3.1/thumb/v7-m/nofp/libgcc.a(_arm_cmpsf2.o)